Archive member included to satisfy reference by file (symbol)

c:/program files (x86)/atmel/studio/7.0/toolchain/arm/arm-gnu-toolchain/bin/../lib/gcc/arm-none-eabi/6.3.1/thumb/v6-m\libgcc.a(_udivsi3.o)
                              hpl/core/hpl_core_m0plus_base.o (__aeabi_uidiv)
c:/program files (x86)/atmel/studio/7.0/toolchain/arm/arm-gnu-toolchain/bin/../lib/gcc/arm-none-eabi/6.3.1/thumb/v6-m\libgcc.a(_divsi3.o)
                              hal/src/hal_adc_async.o (__aeabi_idivmod)
c:/program files (x86)/atmel/studio/7.0/toolchain/arm/arm-gnu-toolchain/bin/../lib/gcc/arm-none-eabi/6.3.1/thumb/v6-m\libgcc.a(_dvmd_tls.o)
                              c:/program files (x86)/atmel/studio/7.0/toolchain/arm/arm-gnu-toolchain/bin/../lib/gcc/arm-none-eabi/6.3.1/thumb/v6-m\libgcc.a(_udivsi3.o) (__aeabi_idiv0)
c:/program files (x86)/atmel/studio/7.0/toolchain/arm/arm-gnu-toolchain/bin/../lib/gcc/arm-none-eabi/6.3.1/thumb/v6-m\libgcc.a(_aeabi_uldivmod.o)
                              hpl/sercom/hpl_sercom.o (__aeabi_uldivmod)
c:/program files (x86)/atmel/studio/7.0/toolchain/arm/arm-gnu-toolchain/bin/../lib/gcc/arm-none-eabi/6.3.1/thumb/v6-m\libgcc.a(_muldi3.o)
                              hpl/sercom/hpl_sercom.o (__aeabi_lmul)
c:/program files (x86)/atmel/studio/7.0/toolchain/arm/arm-gnu-toolchain/bin/../lib/gcc/arm-none-eabi/6.3.1/thumb/v6-m\libgcc.a(_fixunsdfsi.o)
                              hpl/sercom/hpl_sercom.o (__aeabi_d2uiz)
c:/program files (x86)/atmel/studio/7.0/toolchain/arm/arm-gnu-toolchain/bin/../lib/gcc/arm-none-eabi/6.3.1/thumb/v6-m\libgcc.a(_udivmoddi4.o)
                              c:/program files (x86)/atmel/studio/7.0/toolchain/arm/arm-gnu-toolchain/bin/../lib/gcc/arm-none-eabi/6.3.1/thumb/v6-m\libgcc.a(_aeabi_uldivmod.o) (__udivmoddi4)
c:/program files (x86)/atmel/studio/7.0/toolchain/arm/arm-gnu-toolchain/bin/../lib/gcc/arm-none-eabi/6.3.1/thumb/v6-m\libgcc.a(adddf3.o)
                              main.o (__aeabi_dadd)
c:/program files (x86)/atmel/studio/7.0/toolchain/arm/arm-gnu-toolchain/bin/../lib/gcc/arm-none-eabi/6.3.1/thumb/v6-m\libgcc.a(divdf3.o)
                              hpl/sercom/hpl_sercom.o (__aeabi_ddiv)
c:/program files (x86)/atmel/studio/7.0/toolchain/arm/arm-gnu-toolchain/bin/../lib/gcc/arm-none-eabi/6.3.1/thumb/v6-m\libgcc.a(muldf3.o)
                              hpl/sercom/hpl_sercom.o (__aeabi_dmul)
c:/program files (x86)/atmel/studio/7.0/toolchain/arm/arm-gnu-toolchain/bin/../lib/gcc/arm-none-eabi/6.3.1/thumb/v6-m\libgcc.a(subdf3.o)
                              hpl/sercom/hpl_sercom.o (__aeabi_dsub)
c:/program files (x86)/atmel/studio/7.0/toolchain/arm/arm-gnu-toolchain/bin/../lib/gcc/arm-none-eabi/6.3.1/thumb/v6-m\libgcc.a(fixdfsi.o)
                              c:/program files (x86)/atmel/studio/7.0/toolchain/arm/arm-gnu-toolchain/bin/../lib/gcc/arm-none-eabi/6.3.1/thumb/v6-m\libgcc.a(_fixunsdfsi.o) (__aeabi_d2iz)
c:/program files (x86)/atmel/studio/7.0/toolchain/arm/arm-gnu-toolchain/bin/../lib/gcc/arm-none-eabi/6.3.1/thumb/v6-m\libgcc.a(floatsidf.o)
                              hpl/sercom/hpl_sercom.o (__aeabi_i2d)
c:/program files (x86)/atmel/studio/7.0/toolchain/arm/arm-gnu-toolchain/bin/../lib/gcc/arm-none-eabi/6.3.1/thumb/v6-m\libgcc.a(floatunsidf.o)
                              hpl/sercom/hpl_sercom.o (__aeabi_ui2d)
c:/program files (x86)/atmel/studio/7.0/toolchain/arm/arm-gnu-toolchain/bin/../lib/gcc/arm-none-eabi/6.3.1/thumb/v6-m\libgcc.a(_arm_cmpdf2.o)
                              c:/program files (x86)/atmel/studio/7.0/toolchain/arm/arm-gnu-toolchain/bin/../lib/gcc/arm-none-eabi/6.3.1/thumb/v6-m\libgcc.a(_fixunsdfsi.o) (__aeabi_dcmpge)
c:/program files (x86)/atmel/studio/7.0/toolchain/arm/arm-gnu-toolchain/bin/../lib/gcc/arm-none-eabi/6.3.1/thumb/v6-m\libgcc.a(_clzsi2.o)
                              c:/program files (x86)/atmel/studio/7.0/toolchain/arm/arm-gnu-toolchain/bin/../lib/gcc/arm-none-eabi/6.3.1/thumb/v6-m\libgcc.a(adddf3.o) (__clzsi2)
c:/program files (x86)/atmel/studio/7.0/toolchain/arm/arm-gnu-toolchain/bin/../lib/gcc/arm-none-eabi/6.3.1/thumb/v6-m\libgcc.a(_clzdi2.o)
                              c:/program files (x86)/atmel/studio/7.0/toolchain/arm/arm-gnu-toolchain/bin/../lib/gcc/arm-none-eabi/6.3.1/thumb/v6-m\libgcc.a(_udivmoddi4.o) (__clzdi2)
c:/program files (x86)/atmel/studio/7.0/toolchain/arm/arm-gnu-toolchain/bin/../lib/gcc/arm-none-eabi/6.3.1/thumb/v6-m\libgcc.a(eqdf2.o)
                              c:/program files (x86)/atmel/studio/7.0/toolchain/arm/arm-gnu-toolchain/bin/../lib/gcc/arm-none-eabi/6.3.1/thumb/v6-m\libgcc.a(_arm_cmpdf2.o) (__eqdf2)
c:/program files (x86)/atmel/studio/7.0/toolchain/arm/arm-gnu-toolchain/bin/../lib/gcc/arm-none-eabi/6.3.1/thumb/v6-m\libgcc.a(gedf2.o)
                              c:/program files (x86)/atmel/studio/7.0/toolchain/arm/arm-gnu-toolchain/bin/../lib/gcc/arm-none-eabi/6.3.1/thumb/v6-m\libgcc.a(_arm_cmpdf2.o) (__gedf2)
[...]
Memory Configuration

Name             Origin             Length             Attributes
rom              0x00000000         0x00004000         xr
ram              0x20000000         0x00001000         xrw
*default*        0x00000000         0xffffffff

Linker script and memory map

LOAD c:/program files (x86)/atmel/studio/7.0/toolchain/arm/arm-gnu-toolchain/bin/../lib/gcc/arm-none-eabi/6.3.1/thumb/v6-m/crti.o
LOAD c:/program files (x86)/atmel/studio/7.0/toolchain/arm/arm-gnu-toolchain/bin/../lib/gcc/arm-none-eabi/6.3.1/thumb/v6-m/crtbegin.o
LOAD c:/program files (x86)/atmel/studio/7.0/toolchain/arm/arm-gnu-toolchain/bin/../lib/gcc/arm-none-eabi/6.3.1/../../../../arm-none-eabi/lib/thumb/v6-m/crt0.o
LOAD atmel_start.o
LOAD Device_Startup/startup_samd10.o
LOAD Device_Startup/system_samd10.o
LOAD driver_init.o
LOAD examples/driver_examples.o
LOAD hal/src/hal_adc_async.o
LOAD hal/src/hal_atomic.o
LOAD hal/src/hal_dac_async.o
LOAD hal/src/hal_delay.o
LOAD hal/src/hal_gpio.o
LOAD hal/src/hal_init.o
LOAD hal/src/hal_io.o
LOAD hal/src/hal_sleep.o
LOAD hal/src/hal_timer.o
LOAD hal/src/hal_usart_sync.o
LOAD hal/utils/src/utils_assert.o
LOAD hal/utils/src/utils_event.o
LOAD hal/utils/src/utils_list.o
LOAD hal/utils/src/utils_ringbuffer.o
LOAD hal/utils/src/utils_syscalls.o
LOAD hpl/adc/hpl_adc.o
LOAD hpl/core/hpl_core_m0plus_base.o
LOAD hpl/core/hpl_init.o
LOAD hpl/dac/hpl_dac.o
LOAD hpl/dmac/hpl_dmac.o
LOAD hpl/gclk/hpl_gclk.o
LOAD hpl/pm/hpl_pm.o
LOAD hpl/sercom/hpl_sercom.o
LOAD hpl/sysctrl/hpl_sysctrl.o
LOAD hpl/systick/hpl_systick.o
LOAD hpl/tc/hpl_tc.o
LOAD main.o
START GROUP
LOAD c:/program files (x86)/atmel/studio/7.0/toolchain/arm/arm-gnu-toolchain/bin/../lib/gcc/arm-none-eabi/6.3.1/../../../../arm-none-eabi/lib/thumb/v6-m\libm.a
END GROUP
START GROUP
LOAD c:/program files (x86)/atmel/studio/7.0/toolchain/arm/arm-gnu-toolchain/bin/../lib/gcc/arm-none-eabi/6.3.1/thumb/v6-m\libgcc.a
LOAD c:/program files (x86)/atmel/studio/7.0/toolchain/arm/arm-gnu-toolchain/bin/../lib/gcc/arm-none-eabi/6.3.1/../../../../arm-none-eabi/lib/thumb/v6-m\libc_nano.a
END GROUP
START GROUP
LOAD c:/program files (x86)/atmel/studio/7.0/toolchain/arm/arm-gnu-toolchain/bin/../lib/gcc/arm-none-eabi/6.3.1/thumb/v6-m\libgcc.a
LOAD c:/program files (x86)/atmel/studio/7.0/toolchain/arm/arm-gnu-toolchain/bin/../lib/gcc/arm-none-eabi/6.3.1/../../../../arm-none-eabi/lib/thumb/v6-m\libc_nano.a
END GROUP
LOAD c:/program files (x86)/atmel/studio/7.0/toolchain/arm/arm-gnu-toolchain/bin/../lib/gcc/arm-none-eabi/6.3.1/thumb/v6-m/crtend.o
LOAD c:/program files (x86)/atmel/studio/7.0/toolchain/arm/arm-gnu-toolchain/bin/../lib/gcc/arm-none-eabi/6.3.1/thumb/v6-m/crtn.o
                0x00000400                STACK_SIZE = DEFINED (STACK_SIZE)?STACK_SIZE:DEFINED (__stack_size__)?__stack_size__:0x400

.text           0x00000000     0x2e7c
                0x00000000                . = ALIGN (0x4)
                0x00000000                _sfixed = .
 *(.vectors .vectors.*)
 .vectors       0x00000000       0x8c Device_Startup/startup_samd10.o
                0x00000000                exception_table
 *(.text .text.* .gnu.linkonce.t.*)
 .text          0x0000008c       0x60 c:/program files (x86)/atmel/studio/7.0/toolchain/arm/arm-gnu-toolchain/bin/../lib/gcc/arm-none-eabi/6.3.1/thumb/v6-m/crtbegin.o
 .text.atmel_start_init
                0x000000ec        0xc atmel_start.o
                0x000000ec                atmel_start_init
 .text.Dummy_Handler
                0x000000f8        0x2 Device_Startup/startup_samd10.o
                0x000000f8                SVCall_Handler
                0x000000f8                DMAC_Handler
                0x000000f8                HardFault_Handler
                0x000000f8                TC2_Handler
                0x000000f8                AC_Handler
                0x000000f8                SysTick_Handler
                0x000000f8                PendSV_Handler
                0x000000f8                SERCOM1_Handler
                0x000000f8                NonMaskableInt_Handler
                0x000000f8                SERCOM2_Handler
                0x000000f8                TCC0_Handler
                0x000000f8                RTC_Handler
                0x000000f8                EIC_Handler
                0x000000f8                WDT_Handler
                0x000000f8                Dummy_Handler
                0x000000f8                PM_Handler
                0x000000f8                EVSYS_Handler
                0x000000f8                NVMCTRL_Handler
                0x000000f8                SERCOM0_Handler
                0x000000f8                PTC_Handler
                0x000000f8                SYSCTRL_Handler
 *fill*         0x000000fa        0x2 
 .text.Reset_Handler
                0x000000fc       0xd0 Device_Startup/startup_samd10.o
                0x000000fc                Reset_Handler
 .text.ADC_0_init
                0x000001cc       0xa0 driver_init.o
                0x000001cc                ADC_0_init
 .text.USART_0_PORT_init
                0x0000026c       0x40 driver_init.o
                0x0000026c                USART_0_PORT_init
 .text.USART_0_CLOCK_init
                0x000002ac       0x20 driver_init.o
                0x000002ac                USART_0_CLOCK_init
 .text.USART_0_init
                0x000002cc       0x2c driver_init.o
                0x000002cc                USART_0_init
 .text.delay_driver_init
                0x000002f8       0x14 driver_init.o
                0x000002f8                delay_driver_init
 .text.DAC_0_CLOCK_init
                0x0000030c       0x20 driver_init.o
                0x0000030c                DAC_0_CLOCK_init
 .text.DAC_0_init
                0x0000032c       0x20 driver_init.o
                0x0000032c                DAC_0_init
 .text.system_init
                0x0000034c       0x68 driver_init.o
                0x0000034c                system_init
 .text.adc_async_window_threshold_reached
                0x000003b4        0xc hal/src/hal_adc_async.o
 .text.adc_async_error_occured
                0x000003c0        0xc hal/src/hal_adc_async.o
 .text.adc_async_channel_conversion_done
                0x000003cc       0x60 hal/src/hal_adc_async.o
 .text.adc_async_init
                0x0000042c       0xa8 hal/src/hal_adc_async.o
                0x0000042c                adc_async_init
 .text.adc_async_register_channel_buffer
                0x000004d4       0xb4 hal/src/hal_adc_async.o
                0x000004d4                adc_async_register_channel_buffer
 .text.adc_async_enable_channel
                0x00000588       0x40 hal/src/hal_adc_async.o
                0x00000588                adc_async_enable_channel
 .text.adc_async_register_callback
                0x000005c8       0x7c hal/src/hal_adc_async.o
                0x000005c8                adc_async_register_callback
 .text.adc_async_read_channel
                0x00000644       0xec hal/src/hal_adc_async.o
                0x00000644                adc_async_read_channel
 .text.adc_async_start_conversion
                0x00000730       0x28 hal/src/hal_adc_async.o
                0x00000730                adc_async_start_conversion
 .text.atomic_enter_critical
                0x00000758        0xe hal/src/hal_atomic.o
                0x00000758                atomic_enter_critical
 .text.atomic_leave_critical
                0x00000766        0xc hal/src/hal_atomic.o
                0x00000766                atomic_leave_critical
 .text.dac_tx_error
                0x00000772        0xe hal/src/hal_dac_async.o
 .text.dac_tx_ready
                0x00000780       0x3c hal/src/hal_dac_async.o
 .text.dac_async_init
                0x000007bc       0x50 hal/src/hal_dac_async.o
                0x000007bc                dac_async_init
 .text.delay_init
                0x0000080c       0x14 hal/src/hal_delay.o
                0x0000080c                delay_init
 .text.io_write
                0x00000820       0x34 hal/src/hal_io.o
                0x00000820                io_write
 .text.timer_add_timer_task
                0x00000854       0x70 hal/src/hal_timer.o
 .text.timer_process_counted
                0x000008c4       0x8c hal/src/hal_timer.o
 .text.timer_init
                0x00000950       0x44 hal/src/hal_timer.o
                0x00000950                timer_init
 .text.timer_start
                0x00000994       0x3c hal/src/hal_timer.o
                0x00000994                timer_start
 .text.timer_add_task
                0x000009d0       0xac hal/src/hal_timer.o
                0x000009d0                timer_add_task
 .text.usart_sync_write
                0x00000a7c       0x7c hal/src/hal_usart_sync.o
 .text.usart_sync_read
                0x00000af8       0x68 hal/src/hal_usart_sync.o
 .text.usart_sync_init
                0x00000b60       0x4c hal/src/hal_usart_sync.o
                0x00000b60                usart_sync_init
 .text.usart_sync_enable
                0x00000bac       0x2c hal/src/hal_usart_sync.o
                0x00000bac                usart_sync_enable
 .text.usart_sync_get_io_descriptor
                0x00000bd8       0x2c hal/src/hal_usart_sync.o
                0x00000bd8                usart_sync_get_io_descriptor
 .text.assert   0x00000c04        0x8 hal/utils/src/utils_assert.o
                0x00000c04                assert
 .text.is_list_element
                0x00000c0c       0x24 hal/utils/src/utils_list.o
                0x00000c0c                is_list_element
 .text.list_insert_as_head
                0x00000c30       0x2c hal/utils/src/utils_list.o
                0x00000c30                list_insert_as_head
 .text.list_insert_after
                0x00000c5c        0x8 hal/utils/src/utils_list.o
                0x00000c5c                list_insert_after
 .text.list_remove_head
                0x00000c64        0xe hal/utils/src/utils_list.o
                0x00000c64                list_remove_head
 *fill*         0x00000c72        0x2 
 .text.ringbuffer_init
                0x00000c74       0x54 hal/utils/src/utils_ringbuffer.o
                0x00000c74                ringbuffer_init
 .text.ringbuffer_get
                0x00000cc8       0x48 hal/utils/src/utils_ringbuffer.o
                0x00000cc8                ringbuffer_get
 .text.ringbuffer_put
                0x00000d10       0x40 hal/utils/src/utils_ringbuffer.o
                0x00000d10                ringbuffer_put
 .text.ringbuffer_num
                0x00000d50       0x24 hal/utils/src/utils_ringbuffer.o
                0x00000d50                ringbuffer_num
 .text._adc_get_regs
                0x00000d74        0x4 hpl/adc/hpl_adc.o
 .text._adc_init
                0x00000d78      0x104 hpl/adc/hpl_adc.o
 .text._adc_async_init
                0x00000e7c       0x60 hpl/adc/hpl_adc.o
                0x00000e7c                _adc_async_init
 .text._adc_async_enable_channel
                0x00000edc        0xc hpl/adc/hpl_adc.o
                0x00000edc                _adc_async_enable_channel
 .text._adc_async_get_data_size
                0x00000ee8       0x18 hpl/adc/hpl_adc.o
                0x00000ee8                _adc_async_get_data_size
 .text._adc_async_convert
                0x00000f00       0x12 hpl/adc/hpl_adc.o
                0x00000f00                _adc_async_convert
 .text._adc_async_set_irq_state
                0x00000f12       0x3e hpl/adc/hpl_adc.o
                0x00000f12                _adc_async_set_irq_state
 .text.ADC_Handler
                0x00000f50       0x4c hpl/adc/hpl_adc.o
                0x00000f50                ADC_Handler
 .text._irq_set
                0x00000f9c       0x1c hpl/core/hpl_core_m0plus_base.o
                0x00000f9c                _irq_set
 .text._init_chip
                0x00000fb8       0x30 hpl/core/hpl_init.o
                0x00000fb8                _init_chip
 .text._dac_init
                0x00000fe8       0x44 hpl/dac/hpl_dac.o
 .text.DAC_Handler
                0x0000102c       0x44 hpl/dac/hpl_dac.o
                0x0000102c                DAC_Handler
 .text._dac_async_init
                0x00001070       0x54 hpl/dac/hpl_dac.o
                0x00001070                _dac_async_init
 .text._dac_async_write_data
                0x000010c4        0x6 hpl/dac/hpl_dac.o
                0x000010c4                _dac_async_write_data
 *fill*         0x000010ca        0x2 
 .text._gclk_init_generators_by_fref
                0x000010cc       0x20 hpl/gclk/hpl_gclk.o
                0x000010cc                _gclk_init_generators_by_fref
 .text._pm_init
                0x000010ec       0x20 hpl/pm/hpl_pm.o
                0x000010ec                _pm_init
 .text._usart_init
                0x0000110c       0x9c hpl/sercom/hpl_sercom.o
 .text._usart_sync_init
                0x000011a8       0x2c hpl/sercom/hpl_sercom.o
                0x000011a8                _usart_sync_init
 .text._usart_sync_enable
                0x000011d4       0x14 hpl/sercom/hpl_sercom.o
                0x000011d4                _usart_sync_enable
 .text._usart_sync_write_byte
                0x000011e8        0x8 hpl/sercom/hpl_sercom.o
                0x000011e8                _usart_sync_write_byte
 .text._usart_sync_read_byte
                0x000011f0        0x8 hpl/sercom/hpl_sercom.o
                0x000011f0                _usart_sync_read_byte
 .text._usart_sync_is_ready_to_send
                0x000011f8        0xa hpl/sercom/hpl_sercom.o
                0x000011f8                _usart_sync_is_ready_to_send
 .text._usart_sync_is_transmit_done
                0x00001202        0xa hpl/sercom/hpl_sercom.o
                0x00001202                _usart_sync_is_transmit_done
 .text._usart_sync_is_byte_received
                0x0000120c        0xa hpl/sercom/hpl_sercom.o
                0x0000120c                _usart_sync_is_byte_received
 *fill*         0x00001216        0x2 
 .text._sysctrl_init_sources
                0x00001218       0x48 hpl/sysctrl/hpl_sysctrl.o
                0x00001218                _sysctrl_init_sources
 .text._sysctrl_init_referenced_generators
                0x00001260       0x10 hpl/sysctrl/hpl_sysctrl.o
                0x00001260                _sysctrl_init_referenced_generators
 .text._delay_init
                0x00001270       0x14 hpl/systick/hpl_systick.o
                0x00001270                _delay_init
 .text._timer_init
                0x00001284      0x114 hpl/tc/hpl_tc.o
                0x00001284                _timer_init
 .text._timer_start
                0x00001398        0xc hpl/tc/hpl_tc.o
                0x00001398                _timer_start
 .text._timer_is_started
                0x000013a4        0xa hpl/tc/hpl_tc.o
                0x000013a4                _timer_is_started
 .text._tc_get_timer
                0x000013ae        0x4 hpl/tc/hpl_tc.o
                0x000013ae                _tc_get_timer
 *fill*         0x000013b2        0x2 
 .text._timer_set_irq
                0x000013b4       0x20 hpl/tc/hpl_tc.o
                0x000013b4                _timer_set_irq
 .text.TC1_Handler
                0x000013d4       0x20 hpl/tc/hpl_tc.o
                0x000013d4                TC1_Handler
 .text.adc_cb   0x000013f4        0xc main.o
 .text.TIM0_cb  0x00001400       0x14 main.o
 .text.uart_init
                0x00001414       0x24 main.o
                0x00001414                uart_init
 .text.adc_init
                0x00001438       0x34 main.o
                0x00001438                adc_init
 .text.TIM0_init
                0x0000146c       0x38 main.o
                0x0000146c                TIM0_init
 .text.main     0x000014a4       0xc8 main.o
                0x000014a4                main
 .text          0x0000156c      0x1d4 c:/program files (x86)/atmel/studio/7.0/toolchain/arm/arm-gnu-toolchain/bin/../lib/gcc/arm-none-eabi/6.3.1/thumb/v6-m\libgcc.a(_divsi3.o)
                0x0000156c                __divsi3
                0x0000156c                __aeabi_idiv
                0x00001738                __aeabi_idivmod
 .text          0x00001740        0x4 c:/program files (x86)/atmel/studio/7.0/toolchain/arm/arm-gnu-toolchain/bin/../lib/gcc/arm-none-eabi/6.3.1/thumb/v6-m\libgcc.a(_dvmd_tls.o)
                0x00001740                __aeabi_idiv0
                0x00001740                __aeabi_ldiv0
 .text          0x00001744       0x3c c:/program files (x86)/atmel/studio/7.0/toolchain/arm/arm-gnu-toolchain/bin/../lib/gcc/arm-none-eabi/6.3.1/thumb/v6-m\libgcc.a(_fixunsdfsi.o)
                0x00001744                __aeabi_d2uiz
                0x00001744                __fixunsdfsi
 .text          0x00001780      0x620 c:/program files (x86)/atmel/studio/7.0/toolchain/arm/arm-gnu-toolchain/bin/../lib/gcc/arm-none-eabi/6.3.1/thumb/v6-m\libgcc.a(adddf3.o)
                0x00001780                __aeabi_dadd
 .text          0x00001da0      0x500 c:/program files (x86)/atmel/studio/7.0/toolchain/arm/arm-gnu-toolchain/bin/../lib/gcc/arm-none-eabi/6.3.1/thumb/v6-m\libgcc.a(muldf3.o)
                0x00001da0                __aeabi_dmul
 .text          0x000022a0      0x62c c:/program files (x86)/atmel/studio/7.0/toolchain/arm/arm-gnu-toolchain/bin/../lib/gcc/arm-none-eabi/6.3.1/thumb/v6-m\libgcc.a(subdf3.o)
                0x000022a0                __aeabi_dsub
 .text          0x000028cc       0x68 c:/program files (x86)/atmel/studio/7.0/toolchain/arm/arm-gnu-toolchain/bin/../lib/gcc/arm-none-eabi/6.3.1/thumb/v6-m\libgcc.a(fixdfsi.o)
                0x000028cc                __aeabi_d2iz
 .text          0x00002934       0x84 c:/program files (x86)/atmel/studio/7.0/toolchain/arm/arm-gnu-toolchain/bin/../lib/gcc/arm-none-eabi/6.3.1/thumb/v6-m\libgcc.a(floatsidf.o)
                0x00002934                __aeabi_i2d
 .text          0x000029b8       0x7c c:/program files (x86)/atmel/studio/7.0/toolchain/arm/arm-gnu-toolchain/bin/../lib/gcc/arm-none-eabi/6.3.1/thumb/v6-m\libgcc.a(_arm_cmpdf2.o)
                0x000029b8                __aeabi_cdrcmple
                0x000029c8                __aeabi_cdcmple
                0x000029c8                __aeabi_cdcmpeq
                0x000029d8                __aeabi_dcmpeq
                0x000029e4                __aeabi_dcmplt
                0x000029f8                __aeabi_dcmple
                0x00002a0c                __aeabi_dcmpgt
                0x00002a20                __aeabi_dcmpge
 .text          0x00002a34       0x3c c:/program files (x86)/atmel/studio/7.0/toolchain/arm/arm-gnu-toolchain/bin/../lib/gcc/arm-none-eabi/6.3.1/thumb/v6-m\libgcc.a(_clzsi2.o)
                0x00002a34                __clzsi2
 .text          0x00002a70       0x74 c:/program files (x86)/atmel/studio/7.0/toolchain/arm/arm-gnu-toolchain/bin/../lib/gcc/arm-none-eabi/6.3.1/thumb/v6-m\libgcc.a(eqdf2.o)
                0x00002a70                __nedf2
                0x00002a70                __eqdf2
 .text          0x00002ae4       0xc8 c:/program files (x86)/atmel/studio/7.0/toolchain/arm/arm-gnu-toolchain/bin/../lib/gcc/arm-none-eabi/6.3.1/thumb/v6-m\libgcc.a(gedf2.o)
                0x00002ae4                __gedf2
                0x00002ae4                __gtdf2
 .text          0x00002bac       0xc4 c:/program files (x86)/atmel/studio/7.0/toolchain/arm/arm-gnu-toolchain/bin/../lib/gcc/arm-none-eabi/6.3.1/thumb/v6-m\libgcc.a(ledf2.o)
                0x00002bac                __ledf2
                0x00002bac                __ltdf2
 .text.__libc_init_array
                0x00002c70       0x48 c:/program files (x86)/atmel/studio/7.0/toolchain/arm/arm-gnu-toolchain/bin/../lib/gcc/arm-none-eabi/6.3.1/../../../../arm-none-eabi/lib/thumb/v6-m\libc_nano.a(lib_a-init.o)
                0x00002c70                __libc_init_array
 *(.glue_7t)
 .glue_7t       0x00002cb8        0x0 linker stubs
 *(.glue_7)
 .glue_7        0x00002cb8        0x0 linker stubs
 *(.rodata .rodata* .gnu.linkonce.r.*)
 .rodata.str1.4
                0x00002cb8       0x1b hal/src/hal_adc_async.o
 *fill*         0x00002cd3        0x1 
 .rodata.str1.4
                0x00002cd4       0x1b hal/src/hal_dac_async.o
 *fill*         0x00002cef        0x1 
 .rodata.str1.4
                0x00002cf0       0x14 hal/src/hal_io.o
 .rodata.str1.4
                0x00002d04       0x17 hal/src/hal_timer.o
 *fill*         0x00002d1b        0x1 
 .rodata.str1.4
                0x00002d1c       0x1c hal/src/hal_usart_sync.o
 .rodata.str1.4
                0x00002d38       0x1e hal/utils/src/utils_list.o
 *fill*         0x00002d56        0x2 
 .rodata.str1.4
                0x00002d58       0x24 hal/utils/src/utils_ringbuffer.o
 .rodata        0x00002d7c       0x1c hpl/adc/hpl_adc.o
 .rodata.str1.4
                0x00002d98       0x15 hpl/adc/hpl_adc.o
 *fill*         0x00002dad        0x3 
 .rodata.str1.4
                0x00002db0       0x15 hpl/dac/hpl_dac.o
 *fill*         0x00002dc5        0x3 
 .rodata.str1.4
                0x00002dc8       0x1b hpl/sercom/hpl_sercom.o
 *fill*         0x00002de3        0x1 
 .rodata        0x00002de4       0x14 hpl/tc/hpl_tc.o
 .rodata.str1.4
                0x00002df8       0x13 hpl/tc/hpl_tc.o
 *fill*         0x00002e0b        0x1 
 .rodata.str1.4
                0x00002e0c       0x10 main.o
                                  0xd (size before relaxing)
 .rodata        0x00002e1c       0x40 c:/program files (x86)/atmel/studio/7.0/toolchain/arm/arm-gnu-toolchain/bin/../lib/gcc/arm-none-eabi/6.3.1/thumb/v6-m\libgcc.a(muldf3.o)
 *(.ARM.extab* .gnu.linkonce.armextab.*)
                0x00002e5c                . = ALIGN (0x4)
 *(.init)
 .init          0x00002e5c        0x4 c:/program files (x86)/atmel/studio/7.0/toolchain/arm/arm-gnu-toolchain/bin/../lib/gcc/arm-none-eabi/6.3.1/thumb/v6-m/crti.o
                0x00002e5c                _init
 .init          0x00002e60        0x8 c:/program files (x86)/atmel/studio/7.0/toolchain/arm/arm-gnu-toolchain/bin/../lib/gcc/arm-none-eabi/6.3.1/thumb/v6-m/crtn.o
                0x00002e68                . = ALIGN (0x4)
                0x00002e68                __preinit_array_start = .
 *(.preinit_array)
                0x00002e68                __preinit_array_end = .
                0x00002e68                . = ALIGN (0x4)
                0x00002e68                __init_array_start = .
 *(SORT(.init_array.*))
 *(.init_array)
 .init_array    0x00002e68        0x4 c:/program files (x86)/atmel/studio/7.0/toolchain/arm/arm-gnu-toolchain/bin/../lib/gcc/arm-none-eabi/6.3.1/thumb/v6-m/crtbegin.o
                0x00002e6c                __init_array_end = .
                0x00002e6c                . = ALIGN (0x4)
 *crtbegin.o(.ctors)
 *(EXCLUDE_FILE(*crtend.o) .ctors)
 *(SORT(.ctors.*))
 *crtend.o(.ctors)
                0x00002e6c                . = ALIGN (0x4)
 *(.fini)
 .fini          0x00002e6c        0x4 c:/program files (x86)/atmel/studio/7.0/toolchain/arm/arm-gnu-toolchain/bin/../lib/gcc/arm-none-eabi/6.3.1/thumb/v6-m/crti.o
                0x00002e6c                _fini
 .fini          0x00002e70        0x8 c:/program files (x86)/atmel/studio/7.0/toolchain/arm/arm-gnu-toolchain/bin/../lib/gcc/arm-none-eabi/6.3.1/thumb/v6-m/crtn.o
                0x00002e78                . = ALIGN (0x4)
                0x00002e78                __fini_array_start = .
 *(.fini_array)
 .fini_array    0x00002e78        0x4 c:/program files (x86)/atmel/studio/7.0/toolchain/arm/arm-gnu-toolchain/bin/../lib/gcc/arm-none-eabi/6.3.1/thumb/v6-m/crtbegin.o
 *(SORT(.fini_array.*))
                0x00002e7c                __fini_array_end = .
 *crtbegin.o(.dtors)
 *(EXCLUDE_FILE(*crtend.o) .dtors)
 *(SORT(.dtors.*))
 *crtend.o(.dtors)
                0x00002e7c                . = ALIGN (0x4)
                0x00002e7c                _efixed = .
                [!provide]                PROVIDE (__exidx_start, .)

.vfp11_veneer   0x00002e7c        0x0
 .vfp11_veneer  0x00002e7c        0x0 linker stubs

.v4_bx          0x00002e7c        0x0
 .v4_bx         0x00002e7c        0x0 linker stubs

.iplt           0x00002e7c        0x0
 .iplt          0x00002e7c        0x0 c:/program files (x86)/atmel/studio/7.0/toolchain/arm/arm-gnu-toolchain/bin/../lib/gcc/arm-none-eabi/6.3.1/thumb/v6-m/crtbegin.o

.eh_frame       0x00002e7c        0x0
 .eh_frame      0x00002e7c        0x0 c:/program files (x86)/atmel/studio/7.0/toolchain/arm/arm-gnu-toolchain/bin/../lib/gcc/arm-none-eabi/6.3.1/thumb/v6-m/crtbegin.o

.rel.dyn        0x00002e7c        0x0
 .rel.iplt      0x00002e7c        0x0 c:/program files (x86)/atmel/studio/7.0/toolchain/arm/arm-gnu-toolchain/bin/../lib/gcc/arm-none-eabi/6.3.1/thumb/v6-m/crtbegin.o

.jcr            0x00002e7c        0x0
 .jcr           0x00002e7c        0x0 c:/program files (x86)/atmel/studio/7.0/toolchain/arm/arm-gnu-toolchain/bin/../lib/gcc/arm-none-eabi/6.3.1/thumb/v6-m/crtbegin.o

.igot.plt       0x00002e7c        0x0
 .igot.plt      0x00002e7c        0x0 c:/program files (x86)/atmel/studio/7.0/toolchain/arm/arm-gnu-toolchain/bin/../lib/gcc/arm-none-eabi/6.3.1/thumb/v6-m/crtbegin.o

.ARM.exidx
 *(.ARM.exidx* .gnu.linkonce.armexidx.*)
                [!provide]                PROVIDE (__exidx_end, .)
                0x00002e7c                . = ALIGN (0x4)
                0x00002e7c                _etext = .

.relocate       0x20000000        0x0 load address 0x00002e7c
                0x20000000                . = ALIGN (0x4)
                0x20000000                _srelocate = .
 *(.ramfunc .ramfunc.*)
 *(.data .data.*)
                0x20000000                . = ALIGN (0x4)
                0x20000000                _erelocate = .

.bss            0x20000000      0x150
                0x20000000                . = ALIGN (0x4)
                0x20000000                _sbss = .
                0x20000000                _szero = .
 *(.bss .bss.*)
 .bss           0x20000000       0x1c c:/program files (x86)/atmel/studio/7.0/toolchain/arm/arm-gnu-toolchain/bin/../lib/gcc/arm-none-eabi/6.3.1/thumb/v6-m/crtbegin.o
 .bss           0x2000001c       0x14 driver_init.o
 .bss           0x20000030        0x4 hal/src/hal_delay.o
 .bss           0x20000034        0x4 hpl/adc/hpl_adc.o
 .bss           0x20000038        0x4 hpl/dac/hpl_dac.o
 .bss           0x2000003c        0x4 hpl/tc/hpl_tc.o
 .bss           0x20000040       0x1c main.o
                0x20000040                conversion
                0x20000058                accumulator
                0x20000059                cur
                0x2000005a                input_index
                0x2000005b                coef_index
 *(COMMON)
 COMMON         0x2000005c       0x90 driver_init.o
                0x2000005c                ADC_0
                0x20000088                DAC_0
                0x200000ac                ADC_0_ch
                0x200000c4                USART_0
                0x200000d0                TIMER_0
 *fill*         0x200000ec        0x4 
 COMMON         0x200000f0       0x60 main.o
                0x200000f0                out
                0x200000f1                adc_result
                0x200000f4                io
                0x200000f8                end
                0x20000100                decimation
                0x20000108                fix
                0x2000010c                input_samples
                0x2000014e                start
                0x20000150                . = ALIGN (0x4)
                0x20000150                _ebss = .
                0x20000150                _ezero = .

.stack          0x20000150      0x400
                0x20000150                . = ALIGN (0x8)
                0x20000150                _sstack = .
                0x20000550                . = (. + STACK_SIZE)
 *fill*         0x20000150      0x400 
                0x20000550                . = ALIGN (0x8)
                0x20000550                _estack = .
                0x20000550                . = ALIGN (0x4)
                0x20000550                _end = .
OUTPUT(My Project.elf elf32-littlearm)

.ARM.attributes
                0x00000000       0x28
 .ARM.attributes
                0x00000000       0x1e c:/program files (x86)/atmel/studio/7.0/toolchain/arm/arm-gnu-toolchain/bin/../lib/gcc/arm-none-eabi/6.3.1/thumb/v6-m/crti.o
 .ARM.attributes
                0x0000001e       0x2c c:/program files (x86)/atmel/studio/7.0/toolchain/arm/arm-gnu-toolchain/bin/../lib/gcc/arm-none-eabi/6.3.1/thumb/v6-m/crtbegin.o
 .ARM.attributes
                0x0000004a       0x32 atmel_start.o
 .ARM.attributes
                0x0000007c       0x32 Device_Startup/startup_samd10.o
 .ARM.attributes
                0x000000ae       0x32 driver_init.o
 .ARM.attributes
                0x000000e0       0x32 hal/src/hal_adc_async.o
 .ARM.attributes
                0x00000112       0x32 hal/src/hal_atomic.o
 .ARM.attributes
                0x00000144       0x32 hal/src/hal_dac_async.o
 .ARM.attributes
                0x00000176       0x32 hal/src/hal_delay.o
 .ARM.attributes
                0x000001a8       0x32 hal/src/hal_io.o
 .ARM.attributes
                0x000001da       0x32 hal/src/hal_timer.o
 .ARM.attributes
                0x0000020c       0x32 hal/src/hal_usart_sync.o
 .ARM.attributes
                0x0000023e       0x32 hal/utils/src/utils_assert.o
 .ARM.attributes
                0x00000270       0x32 hal/utils/src/utils_list.o
 .ARM.attributes
                0x000002a2       0x32 hal/utils/src/utils_ringbuffer.o
 .ARM.attributes
                0x000002d4       0x32 hpl/adc/hpl_adc.o
 .ARM.attributes
                0x00000306       0x32 hpl/core/hpl_core_m0plus_base.o
 .ARM.attributes
                0x00000338       0x32 hpl/core/hpl_init.o
 .ARM.attributes
                0x0000036a       0x32 hpl/dac/hpl_dac.o
 .ARM.attributes
                0x0000039c       0x32 hpl/gclk/hpl_gclk.o
 .ARM.attributes
                0x000003ce       0x32 hpl/pm/hpl_pm.o
 .ARM.attributes
                0x00000400       0x32 hpl/sercom/hpl_sercom.o
 .ARM.attributes
                0x00000432       0x32 hpl/sysctrl/hpl_sysctrl.o
 .ARM.attributes
                0x00000464       0x32 hpl/systick/hpl_systick.o
 .ARM.attributes
                0x00000496       0x32 hpl/tc/hpl_tc.o
 .ARM.attributes
                0x000004c8       0x32 main.o
 .ARM.attributes
                0x000004fa       0x1e c:/program files (x86)/atmel/studio/7.0/toolchain/arm/arm-gnu-toolchain/bin/../lib/gcc/arm-none-eabi/6.3.1/thumb/v6-m\libgcc.a(_divsi3.o)
 .ARM.attributes
                0x00000518       0x1e c:/program files (x86)/atmel/studio/7.0/toolchain/arm/arm-gnu-toolchain/bin/../lib/gcc/arm-none-eabi/6.3.1/thumb/v6-m\libgcc.a(_dvmd_tls.o)
 .ARM.attributes
                0x00000536       0x2c c:/program files (x86)/atmel/studio/7.0/toolchain/arm/arm-gnu-toolchain/bin/../lib/gcc/arm-none-eabi/6.3.1/thumb/v6-m\libgcc.a(_fixunsdfsi.o)
 .ARM.attributes
                0x00000562       0x2c c:/program files (x86)/atmel/studio/7.0/toolchain/arm/arm-gnu-toolchain/bin/../lib/gcc/arm-none-eabi/6.3.1/thumb/v6-m\libgcc.a(adddf3.o)
 .ARM.attributes
                0x0000058e       0x2c c:/program files (x86)/atmel/studio/7.0/toolchain/arm/arm-gnu-toolchain/bin/../lib/gcc/arm-none-eabi/6.3.1/thumb/v6-m\libgcc.a(muldf3.o)
 .ARM.attributes
                0x000005ba       0x2c c:/program files (x86)/atmel/studio/7.0/toolchain/arm/arm-gnu-toolchain/bin/../lib/gcc/arm-none-eabi/6.3.1/thumb/v6-m\libgcc.a(subdf3.o)
 .ARM.attributes
                0x000005e6       0x2c c:/program files (x86)/atmel/studio/7.0/toolchain/arm/arm-gnu-toolchain/bin/../lib/gcc/arm-none-eabi/6.3.1/thumb/v6-m\libgcc.a(fixdfsi.o)
 .ARM.attributes
                0x00000612       0x2c c:/program files (x86)/atmel/studio/7.0/toolchain/arm/arm-gnu-toolchain/bin/../lib/gcc/arm-none-eabi/6.3.1/thumb/v6-m\libgcc.a(floatsidf.o)
 .ARM.attributes
                0x0000063e       0x1e c:/program files (x86)/atmel/studio/7.0/toolchain/arm/arm-gnu-toolchain/bin/../lib/gcc/arm-none-eabi/6.3.1/thumb/v6-m\libgcc.a(_arm_cmpdf2.o)
 .ARM.attributes
                0x0000065c       0x1e c:/program files (x86)/atmel/studio/7.0/toolchain/arm/arm-gnu-toolchain/bin/../lib/gcc/arm-none-eabi/6.3.1/thumb/v6-m\libgcc.a(_clzsi2.o)
 .ARM.attributes
                0x0000067a       0x2c c:/program files (x86)/atmel/studio/7.0/toolchain/arm/arm-gnu-toolchain/bin/../lib/gcc/arm-none-eabi/6.3.1/thumb/v6-m\libgcc.a(eqdf2.o)
 .ARM.attributes
                0x000006a6       0x2c c:/program files (x86)/atmel/studio/7.0/toolchain/arm/arm-gnu-toolchain/bin/../lib/gcc/arm-none-eabi/6.3.1/thumb/v6-m\libgcc.a(gedf2.o)
 .ARM.attributes
                0x000006d2       0x2c c:/program files (x86)/atmel/studio/7.0/toolchain/arm/arm-gnu-toolchain/bin/../lib/gcc/arm-none-eabi/6.3.1/thumb/v6-m\libgcc.a(ledf2.o)
 .ARM.attributes
                0x000006fe       0x2c c:/program files (x86)/atmel/studio/7.0/toolchain/arm/arm-gnu-toolchain/bin/../lib/gcc/arm-none-eabi/6.3.1/../../../../arm-none-eabi/lib/thumb/v6-m\libc_nano.a(lib_a-init.o)
 .ARM.attributes
                0x0000072a       0x1e c:/program files (x86)/atmel/studio/7.0/toolchain/arm/arm-gnu-toolchain/bin/../lib/gcc/arm-none-eabi/6.3.1/thumb/v6-m/crtn.o

.comment        0x00000000       0x59
 .comment       0x00000000       0x59 atmel_start.o
                                 0x5a (size before relaxing)
 .comment       0x00000059       0x5a Device_Startup/startup_samd10.o
 .comment       0x00000059       0x5a driver_init.o
 .comment       0x00000059       0x5a hal/src/hal_adc_async.o
 .comment       0x00000059       0x5a hal/src/hal_atomic.o
 .comment       0x00000059       0x5a hal/src/hal_dac_async.o
 .comment       0x00000059       0x5a hal/src/hal_delay.o
 .comment       0x00000059       0x5a hal/src/hal_io.o
 .comment       0x00000059       0x5a hal/src/hal_timer.o
 .comment       0x00000059       0x5a hal/src/hal_usart_sync.o
 .comment       0x00000059       0x5a hal/utils/src/utils_assert.o
 .comment       0x00000059       0x5a hal/utils/src/utils_list.o
 .comment       0x00000059       0x5a hal/utils/src/utils_ringbuffer.o
 .comment       0x00000059       0x5a hpl/adc/hpl_adc.o
 .comment       0x00000059       0x5a hpl/core/hpl_core_m0plus_base.o
 .comment       0x00000059       0x5a hpl/core/hpl_init.o
 .comment       0x00000059       0x5a hpl/dac/hpl_dac.o
 .comment       0x00000059       0x5a hpl/gclk/hpl_gclk.o
 .comment       0x00000059       0x5a hpl/pm/hpl_pm.o
 .comment       0x00000059       0x5a hpl/sercom/hpl_sercom.o
 .comment       0x00000059       0x5a hpl/sysctrl/hpl_sysctrl.o
 .comment       0x00000059       0x5a hpl/systick/hpl_systick.o
 .comment       0x00000059       0x5a hpl/tc/hpl_tc.o
 .comment       0x00000059       0x5a main.o

.debug_info     0x00000000    0x24a39
 .debug_info    0x00000000      0x6c6 atmel_start.o
 .debug_info    0x000006c6     0x1aab Device_Startup/startup_samd10.o
 .debug_info    0x00002171     0x7b83 driver_init.o
 .debug_info    0x00009cf4     0x13cd hal/src/hal_adc_async.o
 .debug_info    0x0000b0c1      0x1d1 hal/src/hal_atomic.o
 .debug_info    0x0000b292      0x6f3 hal/src/hal_dac_async.o
 .debug_info    0x0000b985      0x1dc hal/src/hal_delay.o
 .debug_info    0x0000bb61      0x2b2 hal/src/hal_io.o
 .debug_info    0x0000be13      0xbb7 hal/src/hal_timer.o
 .debug_info    0x0000c9ca      0xc56 hal/src/hal_usart_sync.o
 .debug_info    0x0000d620      0x107 hal/utils/src/utils_assert.o
 .debug_info    0x0000d727      0x310 hal/utils/src/utils_list.o
 .debug_info    0x0000da37      0x313 hal/utils/src/utils_ringbuffer.o
 .debug_info    0x0000dd4a     0x394c hpl/adc/hpl_adc.o
 .debug_info    0x00011696      0x7b9 hpl/core/hpl_core_m0plus_base.o
 .debug_info    0x00011e4f      0x677 hpl/core/hpl_init.o
 .debug_info    0x000124c6     0x1545 hpl/dac/hpl_dac.o
 .debug_info    0x00013a0b      0x4d9 hpl/gclk/hpl_gclk.o
 .debug_info    0x00013ee4      0xc71 hpl/pm/hpl_pm.o
 .debug_info    0x00014b55     0xb302 hpl/sercom/hpl_sercom.o
 .debug_info    0x0001fe57     0x13ce hpl/sysctrl/hpl_sysctrl.o
 .debug_info    0x00021225      0x276 hpl/systick/hpl_systick.o
 .debug_info    0x0002149b     0x212f hpl/tc/hpl_tc.o
 .debug_info    0x000235ca     0x146f main.o

.debug_abbrev   0x00000000     0x356f
 .debug_abbrev  0x00000000       0xfc atmel_start.o
 .debug_abbrev  0x000000fc      0x200 Device_Startup/startup_samd10.o
 .debug_abbrev  0x000002fc      0x3a6 driver_init.o
 .debug_abbrev  0x000006a2      0x1f3 hal/src/hal_adc_async.o
 .debug_abbrev  0x00000895      0x144 hal/src/hal_atomic.o
 .debug_abbrev  0x000009d9      0x1ac hal/src/hal_dac_async.o
 .debug_abbrev  0x00000b85       0xe1 hal/src/hal_delay.o
 .debug_abbrev  0x00000c66      0x115 hal/src/hal_io.o
 .debug_abbrev  0x00000d7b      0x221 hal/src/hal_timer.o
 .debug_abbrev  0x00000f9c      0x217 hal/src/hal_usart_sync.o
 .debug_abbrev  0x000011b3       0x86 hal/utils/src/utils_assert.o
 .debug_abbrev  0x00001239      0x159 hal/utils/src/utils_list.o
 .debug_abbrev  0x00001392      0x101 hal/utils/src/utils_ringbuffer.o
 .debug_abbrev  0x00001493      0x4c7 hpl/adc/hpl_adc.o
 .debug_abbrev  0x0000195a      0x2af hpl/core/hpl_core_m0plus_base.o
 .debug_abbrev  0x00001c09      0x1cc hpl/core/hpl_init.o
 .debug_abbrev  0x00001dd5      0x3d5 hpl/dac/hpl_dac.o
 .debug_abbrev  0x000021aa      0x187 hpl/gclk/hpl_gclk.o
 .debug_abbrev  0x00002331      0x211 hpl/pm/hpl_pm.o
 .debug_abbrev  0x00002542      0x58f hpl/sercom/hpl_sercom.o
 .debug_abbrev  0x00002ad1      0x20c hpl/sysctrl/hpl_sysctrl.o
 .debug_abbrev  0x00002cdd      0x185 hpl/systick/hpl_systick.o
 .debug_abbrev  0x00002e62      0x442 hpl/tc/hpl_tc.o
 .debug_abbrev  0x000032a4      0x2cb main.o

.debug_loc      0x00000000     0xe892
 .debug_loc     0x00000000       0x20 atmel_start.o
 .debug_loc     0x00000020       0x40 Device_Startup/startup_samd10.o
 .debug_loc     0x00000060      0x600 driver_init.o
 .debug_loc     0x00000660     0x10b3 hal/src/hal_adc_async.o
 .debug_loc     0x00001713       0x13 hal/src/hal_atomic.o
 .debug_loc     0x00001726      0x5e5 hal/src/hal_dac_async.o
 .debug_loc     0x00001d0b       0xc3 hal/src/hal_delay.o
 .debug_loc     0x00001dce      0x18a hal/src/hal_io.o
 .debug_loc     0x00001f58      0x761 hal/src/hal_timer.o
 .debug_loc     0x000026b9      0x9b2 hal/src/hal_usart_sync.o
 .debug_loc     0x0000306b      0x271 hal/utils/src/utils_list.o
 .debug_loc     0x000032dc      0x2d1 hal/utils/src/utils_ringbuffer.o
 .debug_loc     0x000035ad     0x1dff hpl/adc/hpl_adc.o
 .debug_loc     0x000053ac      0x1d7 hpl/core/hpl_core_m0plus_base.o
 .debug_loc     0x00005583       0x4c hpl/core/hpl_init.o
 .debug_loc     0x000055cf      0x5be hpl/dac/hpl_dac.o
 .debug_loc     0x00005b8d       0xa3 hpl/gclk/hpl_gclk.o
 .debug_loc     0x00005c30      0x11b hpl/pm/hpl_pm.o
 .debug_loc     0x00005d4b     0x7fdd hpl/sercom/hpl_sercom.o
 .debug_loc     0x0000dd28      0x160 hpl/sysctrl/hpl_sysctrl.o
 .debug_loc     0x0000de88      0x10e hpl/systick/hpl_systick.o
 .debug_loc     0x0000df96      0x7eb hpl/tc/hpl_tc.o
 .debug_loc     0x0000e781      0x111 main.o

.debug_aranges  0x00000000      0xd80
 .debug_aranges
                0x00000000       0x20 atmel_start.o
 .debug_aranges
                0x00000020       0x28 Device_Startup/startup_samd10.o
 .debug_aranges
                0x00000048       0x60 driver_init.o
 .debug_aranges
                0x000000a8       0xd0 hal/src/hal_adc_async.o
 .debug_aranges
                0x00000178       0x30 hal/src/hal_atomic.o
 .debug_aranges
                0x000001a8       0x60 hal/src/hal_dac_async.o
 .debug_aranges
                0x00000208       0x38 hal/src/hal_delay.o
 .debug_aranges
                0x00000240       0x30 hal/src/hal_io.o
 .debug_aranges
                0x00000270       0x70 hal/src/hal_timer.o
 .debug_aranges
                0x000002e0       0xa8 hal/src/hal_usart_sync.o
 .debug_aranges
                0x00000388       0x20 hal/utils/src/utils_assert.o
 .debug_aranges
                0x000003a8       0x48 hal/utils/src/utils_list.o
 .debug_aranges
                0x000003f0       0x40 hal/utils/src/utils_ringbuffer.o
 .debug_aranges
                0x00000430      0x1e8 hpl/adc/hpl_adc.o
 .debug_aranges
                0x00000618       0x70 hpl/core/hpl_core_m0plus_base.o
 .debug_aranges
                0x00000688       0x20 hpl/core/hpl_init.o
 .debug_aranges
                0x000006a8       0x90 hpl/dac/hpl_dac.o
 .debug_aranges
                0x00000738       0x28 hpl/gclk/hpl_gclk.o
 .debug_aranges
                0x00000760       0x30 hpl/pm/hpl_pm.o
 .debug_aranges
                0x00000790      0x4c8 hpl/sercom/hpl_sercom.o
 .debug_aranges
                0x00000c58       0x28 hpl/sysctrl/hpl_sysctrl.o
 .debug_aranges
                0x00000c80       0x48 hpl/systick/hpl_systick.o
 .debug_aranges
                0x00000cc8       0x70 hpl/tc/hpl_tc.o
 .debug_aranges
                0x00000d38       0x48 main.o

.debug_ranges   0x00000000     0x1238
 .debug_ranges  0x00000000       0x10 atmel_start.o
 .debug_ranges  0x00000010       0x18 Device_Startup/startup_samd10.o
 .debug_ranges  0x00000028       0x50 driver_init.o
 .debug_ranges  0x00000078       0xc0 hal/src/hal_adc_async.o
 .debug_ranges  0x00000138       0x20 hal/src/hal_atomic.o
 .debug_ranges  0x00000158       0x50 hal/src/hal_dac_async.o
 .debug_ranges  0x000001a8       0x28 hal/src/hal_delay.o
 .debug_ranges  0x000001d0       0x20 hal/src/hal_io.o
 .debug_ranges  0x000001f0       0xa8 hal/src/hal_timer.o
 .debug_ranges  0x00000298       0x98 hal/src/hal_usart_sync.o
 .debug_ranges  0x00000330       0x10 hal/utils/src/utils_assert.o
 .debug_ranges  0x00000340       0x58 hal/utils/src/utils_list.o
 .debug_ranges  0x00000398       0x30 hal/utils/src/utils_ringbuffer.o
 .debug_ranges  0x000003c8      0x1f0 hpl/adc/hpl_adc.o
 .debug_ranges  0x000005b8       0x60 hpl/core/hpl_core_m0plus_base.o
 .debug_ranges  0x00000618       0x10 hpl/core/hpl_init.o
 .debug_ranges  0x00000628       0x98 hpl/dac/hpl_dac.o
 .debug_ranges  0x000006c0       0x18 hpl/gclk/hpl_gclk.o
 .debug_ranges  0x000006d8       0x20 hpl/pm/hpl_pm.o
 .debug_ranges  0x000006f8      0x9f8 hpl/sercom/hpl_sercom.o
 .debug_ranges  0x000010f0       0x30 hpl/sysctrl/hpl_sysctrl.o
 .debug_ranges  0x00001120       0x38 hpl/systick/hpl_systick.o
 .debug_ranges  0x00001158       0xa8 hpl/tc/hpl_tc.o
 .debug_ranges  0x00001200       0x38 main.o

.debug_macro    0x00000000    0x15bbe
 .debug_macro   0x00000000      0x4f6 atmel_start.o
 .debug_macro   0x000004f6      0x89e atmel_start.o
 .debug_macro   0x00000d94      0x16d atmel_start.o
 .debug_macro   0x00000f01       0x22 atmel_start.o
 .debug_macro   0x00000f23       0x87 atmel_start.o
 .debug_macro   0x00000faa       0x51 atmel_start.o
 .debug_macro   0x00000ffb       0xef atmel_start.o
 .debug_macro   0x000010ea       0x6a atmel_start.o
 .debug_macro   0x00001154      0x1df atmel_start.o
 .debug_macro   0x00001333       0x22 atmel_start.o
 .debug_macro   0x00001355       0x3f atmel_start.o
 .debug_macro   0x00001394       0x1c atmel_start.o
 .debug_macro   0x000013b0       0x22 atmel_start.o
 .debug_macro   0x000013d2       0xb5 atmel_start.o
 .debug_macro   0x00001487      0x3ad atmel_start.o
 .debug_macro   0x00001834      0x67e atmel_start.o
 .debug_macro   0x00001eb2      0x8b1 atmel_start.o
 .debug_macro   0x00002763      0x22e atmel_start.o
 .debug_macro   0x00002991      0xc0c atmel_start.o
 .debug_macro   0x0000359d      0x5e7 atmel_start.o
 .debug_macro   0x00003b84      0x7c6 atmel_start.o
 .debug_macro   0x0000434a      0x4e3 atmel_start.o
 .debug_macro   0x0000482d      0x37f atmel_start.o
 .debug_macro   0x00004bac      0x189 atmel_start.o
 .debug_macro   0x00004d35      0x21c atmel_start.o
 .debug_macro   0x00004f51      0x6e1 atmel_start.o
 .debug_macro   0x00005632       0x5e atmel_start.o
 .debug_macro   0x00005690      0x608 atmel_start.o
 .debug_macro   0x00005c98      0x3ac atmel_start.o
 .debug_macro   0x00006044      0xc76 atmel_start.o
 .debug_macro   0x00006cba     0x1092 atmel_start.o
 .debug_macro   0x00007d4c      0xc19 atmel_start.o
 .debug_macro   0x00008965      0x6ba atmel_start.o
 .debug_macro   0x0000901f     0x1b83 atmel_start.o
 .debug_macro   0x0000aba2      0x340 atmel_start.o
 .debug_macro   0x0000aee2       0x7c atmel_start.o
 .debug_macro   0x0000af5e       0xa0 atmel_start.o
 .debug_macro   0x0000affe       0x4c atmel_start.o
 .debug_macro   0x0000b04a       0xca atmel_start.o
 .debug_macro   0x0000b114       0xb8 atmel_start.o
 .debug_macro   0x0000b1cc       0x58 atmel_start.o
 .debug_macro   0x0000b224      0x201 atmel_start.o
 .debug_macro   0x0000b425       0x82 atmel_start.o
 .debug_macro   0x0000b4a7      0x189 atmel_start.o
 .debug_macro   0x0000b630       0xa0 atmel_start.o
 .debug_macro   0x0000b6d0       0xac atmel_start.o
 .debug_macro   0x0000b77c       0x1c atmel_start.o
 .debug_macro   0x0000b798       0x1c atmel_start.o
 .debug_macro   0x0000b7b4       0x1c atmel_start.o
 .debug_macro   0x0000b7d0       0x82 atmel_start.o
 .debug_macro   0x0000b852      0x112 atmel_start.o
 .debug_macro   0x0000b964       0x10 atmel_start.o
 .debug_macro   0x0000b974       0xdc atmel_start.o
 .debug_macro   0x0000ba50      0x124 atmel_start.o
 .debug_macro   0x0000bb74      0x124 atmel_start.o
 .debug_macro   0x0000bc98      0x124 atmel_start.o
 .debug_macro   0x0000bdbc      0x124 atmel_start.o
 .debug_macro   0x0000bee0       0xe2 atmel_start.o
 .debug_macro   0x0000bfc2       0xe2 atmel_start.o
 .debug_macro   0x0000c0a4      0x12a atmel_start.o
 .debug_macro   0x0000c1ce       0x40 atmel_start.o
 .debug_macro   0x0000c20e      0x2ea atmel_start.o
 .debug_macro   0x0000c4f8      0xfa5 atmel_start.o
 .debug_macro   0x0000d49d       0x5f atmel_start.o
 .debug_macro   0x0000d4fc       0x10 atmel_start.o
 .debug_macro   0x0000d50c       0x10 atmel_start.o
 .debug_macro   0x0000d51c       0x16 atmel_start.o
 .debug_macro   0x0000d532       0x16 atmel_start.o
 .debug_macro   0x0000d548       0x16 atmel_start.o
 .debug_macro   0x0000d55e       0x16 atmel_start.o
 .debug_macro   0x0000d574       0x16 atmel_start.o
 .debug_macro   0x0000d58a       0x16 atmel_start.o
 .debug_macro   0x0000d5a0       0x16 atmel_start.o
 .debug_macro   0x0000d5b6       0x16 atmel_start.o
 .debug_macro   0x0000d5cc       0x16 atmel_start.o
 .debug_macro   0x0000d5e2       0x16 atmel_start.o
 .debug_macro   0x0000d5f8       0x16 atmel_start.o
 .debug_macro   0x0000d60e       0x16 atmel_start.o
 .debug_macro   0x0000d624       0x16 atmel_start.o
 .debug_macro   0x0000d63a      0x4c3 atmel_start.o
 .debug_macro   0x0000dafd       0x94 atmel_start.o
 .debug_macro   0x0000db91       0x16 atmel_start.o
 .debug_macro   0x0000dba7       0x6a atmel_start.o
 .debug_macro   0x0000dc11      0x28c atmel_start.o
 .debug_macro   0x0000de9d       0x16 atmel_start.o
 .debug_macro   0x0000deb3       0xca atmel_start.o
 .debug_macro   0x0000df7d       0x1c atmel_start.o
 .debug_macro   0x0000df99       0x16 atmel_start.o
 .debug_macro   0x0000dfaf       0x46 atmel_start.o
 .debug_macro   0x0000dff5       0x10 atmel_start.o
 .debug_macro   0x0000e005      0x298 Device_Startup/startup_samd10.o
 .debug_macro   0x0000e29d       0x39 Device_Startup/startup_samd10.o
 .debug_macro   0x0000e2d6      0x532 driver_init.o
 .debug_macro   0x0000e808       0x4e driver_init.o
 .debug_macro   0x0000e856       0xc9 driver_init.o
 .debug_macro   0x0000e91f      0x411 hal/src/hal_adc_async.o
 .debug_macro   0x0000ed30      0x3b4 hal/src/hal_atomic.o
 .debug_macro   0x0000f0e4      0x3ea hal/src/hal_dac_async.o
 .debug_macro   0x0000f4ce      0x3e6 hal/src/hal_delay.o
 .debug_macro   0x0000f8b4      0x3c7 hal/src/hal_io.o
 .debug_macro   0x0000fc7b      0x3fa hal/src/hal_timer.o
 .debug_macro   0x00010075      0x3ee hal/src/hal_usart_sync.o
 .debug_macro   0x00010463      0x3bd hal/utils/src/utils_assert.o
 .debug_macro   0x00010820       0x10 hal/utils/src/utils_assert.o
 .debug_macro   0x00010830      0x3c1 hal/utils/src/utils_list.o
 .debug_macro   0x00010bf1      0x3c1 hal/utils/src/utils_ringbuffer.o
 .debug_macro   0x00010fb2      0x40f hpl/adc/hpl_adc.o
 .debug_macro   0x000113c1      0x6cc hpl/adc/hpl_adc.o
 .debug_macro   0x00011a8d      0x6ba hpl/adc/hpl_adc.o
 .debug_macro   0x00012147       0xd2 hpl/adc/hpl_adc.o
 .debug_macro   0x00012219      0x40b hpl/core/hpl_core_m0plus_base.o
 .debug_macro   0x00012624      0x42e hpl/core/hpl_init.o
 .debug_macro   0x00012a52       0x2e hpl/core/hpl_init.o
 .debug_macro   0x00012a80      0x6ec hpl/core/hpl_init.o
 .debug_macro   0x0001316c      0x3e4 hpl/dac/hpl_dac.o
 .debug_macro   0x00013550       0x46 hpl/dac/hpl_dac.o
 .debug_macro   0x00013596      0x3d0 hpl/gclk/hpl_gclk.o
 .debug_macro   0x00013966      0x175 hpl/gclk/hpl_gclk.o
 .debug_macro   0x00013adb      0x3f3 hpl/pm/hpl_pm.o
 .debug_macro   0x00013ece      0x5fc hpl/sercom/hpl_sercom.o
 .debug_macro   0x000144ca       0x70 hpl/sercom/hpl_sercom.o
 .debug_macro   0x0001453a       0xba hpl/sercom/hpl_sercom.o
 .debug_macro   0x000145f4       0x10 hpl/sercom/hpl_sercom.o
 .debug_macro   0x00014604       0x1c hpl/sercom/hpl_sercom.o
 .debug_macro   0x00014620       0x22 hpl/sercom/hpl_sercom.o
 .debug_macro   0x00014642       0x10 hpl/sercom/hpl_sercom.o
 .debug_macro   0x00014652      0x3ca hpl/sysctrl/hpl_sysctrl.o
 .debug_macro   0x00014a1c      0x2d3 hpl/sysctrl/hpl_sysctrl.o
 .debug_macro   0x00014cef      0x3c1 hpl/systick/hpl_systick.o
 .debug_macro   0x000150b0       0x10 hpl/systick/hpl_systick.o
 .debug_macro   0x000150c0      0x421 hpl/tc/hpl_tc.o
 .debug_macro   0x000154e1       0x10 hpl/tc/hpl_tc.o
 .debug_macro   0x000154f1       0x75 hpl/tc/hpl_tc.o
 .debug_macro   0x00015566      0x658 main.o

.debug_line     0x00000000    0x1113c
 .debug_line    0x00000000      0xa8a atmel_start.o
 .debug_line    0x00000a8a      0x66b Device_Startup/startup_samd10.o
 .debug_line    0x000010f5      0xc19 driver_init.o
 .debug_line    0x00001d0e      0xb9e hal/src/hal_adc_async.o
 .debug_line    0x000028ac      0x8c8 hal/src/hal_atomic.o
 .debug_line    0x00003174      0x9e4 hal/src/hal_dac_async.o
 .debug_line    0x00003b58      0x8f3 hal/src/hal_delay.o
 .debug_line    0x0000444b      0x8dc hal/src/hal_io.o
 .debug_line    0x00004d27      0xa71 hal/src/hal_timer.o
 .debug_line    0x00005798      0xab4 hal/src/hal_usart_sync.o
 .debug_line    0x0000624c      0x892 hal/utils/src/utils_assert.o
 .debug_line    0x00006ade      0x926 hal/utils/src/utils_list.o
 .debug_line    0x00007404      0x931 hal/utils/src/utils_ringbuffer.o
 .debug_line    0x00007d35     0x11c8 hpl/adc/hpl_adc.o
 .debug_line    0x00008efd      0xa3d hpl/core/hpl_core_m0plus_base.o
 .debug_line    0x0000993a      0x972 hpl/core/hpl_init.o
 .debug_line    0x0000a2ac      0xb46 hpl/dac/hpl_dac.o
 .debug_line    0x0000adf2      0x8eb hpl/gclk/hpl_gclk.o
 .debug_line    0x0000b6dd      0x938 hpl/pm/hpl_pm.o
 .debug_line    0x0000c015     0x275b hpl/sercom/hpl_sercom.o
 .debug_line    0x0000e770      0x925 hpl/sysctrl/hpl_sysctrl.o
 .debug_line    0x0000f095      0x926 hpl/systick/hpl_systick.o
 .debug_line    0x0000f9bb      0xb6e hpl/tc/hpl_tc.o
 .debug_line    0x00010529      0xc13 main.o

.debug_str      0x00000000    0x71380
 .debug_str     0x00000000    0x5aa36 atmel_start.o
                              0x5af0e (size before relaxing)
 .debug_str     0x0005aa36      0x94b Device_Startup/startup_samd10.o
                              0x555a8 (size before relaxing)
 .debug_str     0x0005b381     0x1cc1 driver_init.o
                              0x5d290 (size before relaxing)
 .debug_str     0x0005d042      0x60b hal/src/hal_adc_async.o
                              0x5b615 (size before relaxing)
 .debug_str     0x0005d64d       0x63 hal/src/hal_atomic.o
                              0x5a76e (size before relaxing)
 .debug_str     0x0005d6b0      0x1a7 hal/src/hal_dac_async.o
                              0x5af66 (size before relaxing)
 .debug_str     0x0005d857       0x9b hal/src/hal_delay.o
                              0x5a7d8 (size before relaxing)
 .debug_str     0x0005d8f2       0x3d hal/src/hal_io.o
                              0x5a81b (size before relaxing)
 .debug_str     0x0005d92f      0x2c3 hal/src/hal_timer.o
                              0x5b0ad (size before relaxing)
 .debug_str     0x0005dbf2      0x49e hal/src/hal_usart_sync.o
                              0x5b2bb (size before relaxing)
 .debug_str     0x0005e090       0x2a hal/utils/src/utils_assert.o
                              0x5a77e (size before relaxing)
 .debug_str     0x0005e0ba       0x31 hal/utils/src/utils_list.o
                              0x5a828 (size before relaxing)
 .debug_str     0x0005e0eb       0x24 hal/utils/src/utils_ringbuffer.o
                              0x5a824 (size before relaxing)
 .debug_str     0x0005e10f     0x6be0 hpl/adc/hpl_adc.o
                              0x61bec (size before relaxing)
 .debug_str     0x00064cef      0x132 hpl/core/hpl_core_m0plus_base.o
                              0x5b1d7 (size before relaxing)
 .debug_str     0x00064e21     0x17d7 hpl/core/hpl_init.o
                              0x5c39d (size before relaxing)
 .debug_str     0x000665f8      0x461 hpl/dac/hpl_dac.o
                              0x5b0ae (size before relaxing)
 .debug_str     0x00066a59      0x672 hpl/gclk/hpl_gclk.o
                              0x5aebe (size before relaxing)
 .debug_str     0x000670cb      0x194 hpl/pm/hpl_pm.o
                              0x5aee9 (size before relaxing)
 .debug_str     0x0006725f     0x46f5 hpl/sercom/hpl_sercom.o
                              0x60369 (size before relaxing)
 .debug_str     0x0006b954     0x1191 hpl/sysctrl/hpl_sysctrl.o
                              0x5ba0d (size before relaxing)
 .debug_str     0x0006cae5       0xcd hpl/systick/hpl_systick.o
                              0x5a7c6 (size before relaxing)
 .debug_str     0x0006cbb2      0x985 hpl/tc/hpl_tc.o
                              0x5be0e (size before relaxing)
 .debug_str     0x0006d537     0x3e49 main.o
                              0x5ef62 (size before relaxing)

.debug_frame    0x00000000     0x23b4
 .debug_frame   0x00000000       0x28 atmel_start.o
 .debug_frame   0x00000028       0x38 Device_Startup/startup_samd10.o
 .debug_frame   0x00000060       0xdc driver_init.o
 .debug_frame   0x0000013c      0x2b8 hal/src/hal_adc_async.o
 .debug_frame   0x000003f4       0x40 hal/src/hal_atomic.o
 .debug_frame   0x00000434       0xfc hal/src/hal_dac_async.o
 .debug_frame   0x00000530       0x68 hal/src/hal_delay.o
 .debug_frame   0x00000598       0x58 hal/src/hal_io.o
 .debug_frame   0x000005f0      0x14c hal/src/hal_timer.o
 .debug_frame   0x0000073c      0x200 hal/src/hal_usart_sync.o
 .debug_frame   0x0000093c       0x20 hal/utils/src/utils_assert.o
 .debug_frame   0x0000095c       0x88 hal/utils/src/utils_list.o
 .debug_frame   0x000009e4       0x94 hal/utils/src/utils_ringbuffer.o
 .debug_frame   0x00000a78      0x47c hpl/adc/hpl_adc.o
 .debug_frame   0x00000ef4       0xd4 hpl/core/hpl_core_m0plus_base.o
 .debug_frame   0x00000fc8       0x28 hpl/core/hpl_init.o
 .debug_frame   0x00000ff0      0x120 hpl/dac/hpl_dac.o
 .debug_frame   0x00001110       0x30 hpl/gclk/hpl_gclk.o
 .debug_frame   0x00001140       0x40 hpl/pm/hpl_pm.o
 .debug_frame   0x00001180      0xddc hpl/sercom/hpl_sercom.o
 .debug_frame   0x00001f5c       0x30 hpl/sysctrl/hpl_sysctrl.o
 .debug_frame   0x00001f8c       0x7c hpl/systick/hpl_systick.o
 .debug_frame   0x00002008       0xe0 hpl/tc/hpl_tc.o
 .debug_frame   0x000020e8       0xa4 main.o
 .debug_frame   0x0000218c       0x20 c:/program files (x86)/atmel/studio/7.0/toolchain/arm/arm-gnu-toolchain/bin/../lib/gcc/arm-none-eabi/6.3.1/thumb/v6-m\libgcc.a(_divsi3.o)
 .debug_frame   0x000021ac       0x2c c:/program files (x86)/atmel/studio/7.0/toolchain/arm/arm-gnu-toolchain/bin/../lib/gcc/arm-none-eabi/6.3.1/thumb/v6-m\libgcc.a(_fixunsdfsi.o)
 .debug_frame   0x000021d8       0x3c c:/program files (x86)/atmel/studio/7.0/toolchain/arm/arm-gnu-toolchain/bin/../lib/gcc/arm-none-eabi/6.3.1/thumb/v6-m\libgcc.a(adddf3.o)
 .debug_frame   0x00002214       0x3c c:/program files (x86)/atmel/studio/7.0/toolchain/arm/arm-gnu-toolchain/bin/../lib/gcc/arm-none-eabi/6.3.1/thumb/v6-m\libgcc.a(muldf3.o)
 .debug_frame   0x00002250       0x38 c:/program files (x86)/atmel/studio/7.0/toolchain/arm/arm-gnu-toolchain/bin/../lib/gcc/arm-none-eabi/6.3.1/thumb/v6-m\libgcc.a(subdf3.o)
 .debug_frame   0x00002288       0x2c c:/program files (x86)/atmel/studio/7.0/toolchain/arm/arm-gnu-toolchain/bin/../lib/gcc/arm-none-eabi/6.3.1/thumb/v6-m\libgcc.a(fixdfsi.o)
 .debug_frame   0x000022b4       0x2c c:/program files (x86)/atmel/studio/7.0/toolchain/arm/arm-gnu-toolchain/bin/../lib/gcc/arm-none-eabi/6.3.1/thumb/v6-m\libgcc.a(floatsidf.o)
 .debug_frame   0x000022e0       0x38 c:/program files (x86)/atmel/studio/7.0/toolchain/arm/arm-gnu-toolchain/bin/../lib/gcc/arm-none-eabi/6.3.1/thumb/v6-m\libgcc.a(eqdf2.o)
 .debug_frame   0x00002318       0x38 c:/program files (x86)/atmel/studio/7.0/toolchain/arm/arm-gnu-toolchain/bin/../lib/gcc/arm-none-eabi/6.3.1/thumb/v6-m\libgcc.a(gedf2.o)
 .debug_frame   0x00002350       0x38 c:/program files (x86)/atmel/studio/7.0/toolchain/arm/arm-gnu-toolchain/bin/../lib/gcc/arm-none-eabi/6.3.1/thumb/v6-m\libgcc.a(ledf2.o)
 .debug_frame   0x00002388       0x2c c:/program files (x86)/atmel/studio/7.0/toolchain/arm/arm-gnu-toolchain/bin/../lib/gcc/arm-none-eabi/6.3.1/../../../../arm-none-eabi/lib/thumb/v6-m\libc_nano.a(lib_a-init.o)
