Archive member included to satisfy reference by file (symbol)

c:/program files (x86)/atmel/studio/7.0/toolchain/arm/arm-gnu-toolchain/bin/../lib/gcc/arm-none-eabi/6.3.1/thumb/v6-m\libgcc.a(_udivsi3.o)
                              hpl/core/hpl_core_m0plus_base.o (__aeabi_uidiv)
c:/program files (x86)/atmel/studio/7.0/toolchain/arm/arm-gnu-toolchain/bin/../lib/gcc/arm-none-eabi/6.3.1/thumb/v6-m\libgcc.a(_divsi3.o)
                              hal/src/hal_adc_async.o (__aeabi_idivmod)
c:/program files (x86)/atmel/studio/7.0/toolchain/arm/arm-gnu-toolchain/bin/../lib/gcc/arm-none-eabi/6.3.1/thumb/v6-m\libgcc.a(_dvmd_tls.o)
                              c:/program files (x86)/atmel/studio/7.0/toolchain/arm/arm-gnu-toolchain/bin/../lib/gcc/arm-none-eabi/6.3.1/thumb/v6-m\libgcc.a(_udivsi3.o) (__aeabi_idiv0)
c:/program files (x86)/atmel/studio/7.0/toolchain/arm/arm-gnu-toolchain/bin/../lib/gcc/arm-none-eabi/6.3.1/thumb/v6-m\libgcc.a(_aeabi_uldivmod.o)
                              hpl/sercom/hpl_sercom.o (__aeabi_uldivmod)
c:/program files (x86)/atmel/studio/7.0/toolchain/arm/arm-gnu-toolchain/bin/../lib/gcc/arm-none-eabi/6.3.1/thumb/v6-m\libgcc.a(_muldi3.o)
                              hpl/sercom/hpl_sercom.o (__aeabi_lmul)
c:/program files (x86)/atmel/studio/7.0/toolchain/arm/arm-gnu-toolchain/bin/../lib/gcc/arm-none-eabi/6.3.1/thumb/v6-m\libgcc.a(_fixunsdfsi.o)
                              hpl/sercom/hpl_sercom.o (__aeabi_d2uiz)
c:/program files (x86)/atmel/studio/7.0/toolchain/arm/arm-gnu-toolchain/bin/../lib/gcc/arm-none-eabi/6.3.1/thumb/v6-m\libgcc.a(_udivmoddi4.o)
                              c:/program files (x86)/atmel/studio/7.0/toolchain/arm/arm-gnu-toolchain/bin/../lib/gcc/arm-none-eabi/6.3.1/thumb/v6-m\libgcc.a(_aeabi_uldivmod.o) (__udivmoddi4)
c:/program files (x86)/atmel/studio/7.0/toolchain/arm/arm-gnu-toolchain/bin/../lib/gcc/arm-none-eabi/6.3.1/thumb/v6-m\libgcc.a(divdf3.o)
                              hpl/sercom/hpl_sercom.o (__aeabi_ddiv)
c:/program files (x86)/atmel/studio/7.0/toolchain/arm/arm-gnu-toolchain/bin/../lib/gcc/arm-none-eabi/6.3.1/thumb/v6-m\libgcc.a(muldf3.o)
                              hpl/sercom/hpl_sercom.o (__aeabi_dmul)
c:/program files (x86)/atmel/studio/7.0/toolchain/arm/arm-gnu-toolchain/bin/../lib/gcc/arm-none-eabi/6.3.1/thumb/v6-m\libgcc.a(subdf3.o)
                              hpl/sercom/hpl_sercom.o (__aeabi_dsub)
c:/program files (x86)/atmel/studio/7.0/toolchain/arm/arm-gnu-toolchain/bin/../lib/gcc/arm-none-eabi/6.3.1/thumb/v6-m\libgcc.a(fixdfsi.o)
                              c:/program files (x86)/atmel/studio/7.0/toolchain/arm/arm-gnu-toolchain/bin/../lib/gcc/arm-none-eabi/6.3.1/thumb/v6-m\libgcc.a(_fixunsdfsi.o) (__aeabi_d2iz)
c:/program files (x86)/atmel/studio/7.0/toolchain/arm/arm-gnu-toolchain/bin/../lib/gcc/arm-none-eabi/6.3.1/thumb/v6-m\libgcc.a(floatsidf.o)
                              hpl/sercom/hpl_sercom.o (__aeabi_i2d)
c:/program files (x86)/atmel/studio/7.0/toolchain/arm/arm-gnu-toolchain/bin/../lib/gcc/arm-none-eabi/6.3.1/thumb/v6-m\libgcc.a(floatunsidf.o)
                              hpl/sercom/hpl_sercom.o (__aeabi_ui2d)
c:/program files (x86)/atmel/studio/7.0/toolchain/arm/arm-gnu-toolchain/bin/../lib/gcc/arm-none-eabi/6.3.1/thumb/v6-m\libgcc.a(_arm_cmpdf2.o)
                              c:/program files (x86)/atmel/studio/7.0/toolchain/arm/arm-gnu-toolchain/bin/../lib/gcc/arm-none-eabi/6.3.1/thumb/v6-m\libgcc.a(_fixunsdfsi.o) (__aeabi_dcmpge)
c:/program files (x86)/atmel/studio/7.0/toolchain/arm/arm-gnu-toolchain/bin/../lib/gcc/arm-none-eabi/6.3.1/thumb/v6-m\libgcc.a(_clzsi2.o)
                              c:/program files (x86)/atmel/studio/7.0/toolchain/arm/arm-gnu-toolchain/bin/../lib/gcc/arm-none-eabi/6.3.1/thumb/v6-m\libgcc.a(divdf3.o) (__clzsi2)
c:/program files (x86)/atmel/studio/7.0/toolchain/arm/arm-gnu-toolchain/bin/../lib/gcc/arm-none-eabi/6.3.1/thumb/v6-m\libgcc.a(_clzdi2.o)
                              c:/program files (x86)/atmel/studio/7.0/toolchain/arm/arm-gnu-toolchain/bin/../lib/gcc/arm-none-eabi/6.3.1/thumb/v6-m\libgcc.a(_udivmoddi4.o) (__clzdi2)
c:/program files (x86)/atmel/studio/7.0/toolchain/arm/arm-gnu-toolchain/bin/../lib/gcc/arm-none-eabi/6.3.1/thumb/v6-m\libgcc.a(eqdf2.o)
                              c:/program files (x86)/atmel/studio/7.0/toolchain/arm/arm-gnu-toolchain/bin/../lib/gcc/arm-none-eabi/6.3.1/thumb/v6-m\libgcc.a(_arm_cmpdf2.o) (__eqdf2)
c:/program files (x86)/atmel/studio/7.0/toolchain/arm/arm-gnu-toolchain/bin/../lib/gcc/arm-none-eabi/6.3.1/thumb/v6-m\libgcc.a(gedf2.o)
                              c:/program files (x86)/atmel/studio/7.0/toolchain/arm/arm-gnu-toolchain/bin/../lib/gcc/arm-none-eabi/6.3.1/thumb/v6-m\libgcc.a(_arm_cmpdf2.o) (__gedf2)
c:/program files (x86)/atmel/studio/7.0/toolchain/arm/arm-gnu-toolchain/bin/../lib/gcc/arm-none-eabi/6.3.1/thumb/v6-m\libgcc.a(ledf2.o)
[...]
Memory Configuration

Name             Origin             Length             Attributes
rom              0x00000000         0x00004000         xr
ram              0x20000000         0x00001000         xrw
*default*        0x00000000         0xffffffff

Linker script and memory map

LOAD c:/program files (x86)/atmel/studio/7.0/toolchain/arm/arm-gnu-toolchain/bin/../lib/gcc/arm-none-eabi/6.3.1/thumb/v6-m/crti.o
LOAD c:/program files (x86)/atmel/studio/7.0/toolchain/arm/arm-gnu-toolchain/bin/../lib/gcc/arm-none-eabi/6.3.1/thumb/v6-m/crtbegin.o
LOAD c:/program files (x86)/atmel/studio/7.0/toolchain/arm/arm-gnu-toolchain/bin/../lib/gcc/arm-none-eabi/6.3.1/../../../../arm-none-eabi/lib/thumb/v6-m/crt0.o
LOAD atmel_start.o
LOAD Device_Startup/startup_samd10.o
LOAD Device_Startup/system_samd10.o
LOAD driver_init.o
LOAD examples/driver_examples.o
LOAD hal/src/hal_adc_async.o
LOAD hal/src/hal_atomic.o
LOAD hal/src/hal_delay.o
LOAD hal/src/hal_gpio.o
LOAD hal/src/hal_init.o
LOAD hal/src/hal_io.o
LOAD hal/src/hal_sleep.o
LOAD hal/src/hal_timer.o
LOAD hal/src/hal_usart_sync.o
LOAD hal/utils/src/utils_assert.o
LOAD hal/utils/src/utils_event.o
LOAD hal/utils/src/utils_list.o
LOAD hal/utils/src/utils_ringbuffer.o
LOAD hal/utils/src/utils_syscalls.o
LOAD hpl/adc/hpl_adc.o
LOAD hpl/core/hpl_core_m0plus_base.o
LOAD hpl/core/hpl_init.o
LOAD hpl/dmac/hpl_dmac.o
LOAD hpl/gclk/hpl_gclk.o
LOAD hpl/pm/hpl_pm.o
LOAD hpl/sercom/hpl_sercom.o
LOAD hpl/sysctrl/hpl_sysctrl.o
LOAD hpl/tc/hpl_tc.o
LOAD main.o
START GROUP
LOAD c:/program files (x86)/atmel/studio/7.0/toolchain/arm/arm-gnu-toolchain/bin/../lib/gcc/arm-none-eabi/6.3.1/../../../../arm-none-eabi/lib/thumb/v6-m\libm.a
END GROUP
START GROUP
LOAD c:/program files (x86)/atmel/studio/7.0/toolchain/arm/arm-gnu-toolchain/bin/../lib/gcc/arm-none-eabi/6.3.1/thumb/v6-m\libgcc.a
LOAD c:/program files (x86)/atmel/studio/7.0/toolchain/arm/arm-gnu-toolchain/bin/../lib/gcc/arm-none-eabi/6.3.1/../../../../arm-none-eabi/lib/thumb/v6-m\libc_nano.a
END GROUP
START GROUP
LOAD c:/program files (x86)/atmel/studio/7.0/toolchain/arm/arm-gnu-toolchain/bin/../lib/gcc/arm-none-eabi/6.3.1/thumb/v6-m\libgcc.a
LOAD c:/program files (x86)/atmel/studio/7.0/toolchain/arm/arm-gnu-toolchain/bin/../lib/gcc/arm-none-eabi/6.3.1/../../../../arm-none-eabi/lib/thumb/v6-m\libc_nano.a
END GROUP
LOAD c:/program files (x86)/atmel/studio/7.0/toolchain/arm/arm-gnu-toolchain/bin/../lib/gcc/arm-none-eabi/6.3.1/thumb/v6-m/crtend.o
LOAD c:/program files (x86)/atmel/studio/7.0/toolchain/arm/arm-gnu-toolchain/bin/../lib/gcc/arm-none-eabi/6.3.1/thumb/v6-m/crtn.o
                0x00000400                STACK_SIZE = DEFINED (STACK_SIZE)?STACK_SIZE:DEFINED (__stack_size__)?__stack_size__:0x400

.text           0x00000000     0x22d8
                0x00000000                . = ALIGN (0x4)
                0x00000000                _sfixed = .
 *(.vectors .vectors.*)
 .vectors       0x00000000       0x8c Device_Startup/startup_samd10.o
                0x00000000                exception_table
 *(.text .text.* .gnu.linkonce.t.*)
 .text          0x0000008c       0x60 c:/program files (x86)/atmel/studio/7.0/toolchain/arm/arm-gnu-toolchain/bin/../lib/gcc/arm-none-eabi/6.3.1/thumb/v6-m/crtbegin.o
 .text.atmel_start_init
                0x000000ec        0xc atmel_start.o
                0x000000ec                atmel_start_init
 .text.Dummy_Handler
                0x000000f8        0x2 Device_Startup/startup_samd10.o
                0x000000f8                SVCall_Handler
                0x000000f8                DMAC_Handler
                0x000000f8                HardFault_Handler
                0x000000f8                TC2_Handler
                0x000000f8                AC_Handler
                0x000000f8                SysTick_Handler
                0x000000f8                PendSV_Handler
                0x000000f8                SERCOM1_Handler
                0x000000f8                NonMaskableInt_Handler
                0x000000f8                SERCOM2_Handler
                0x000000f8                TCC0_Handler
                0x000000f8                RTC_Handler
                0x000000f8                EIC_Handler
                0x000000f8                WDT_Handler
                0x000000f8                Dummy_Handler
                0x000000f8                PM_Handler
                0x000000f8                EVSYS_Handler
                0x000000f8                NVMCTRL_Handler
                0x000000f8                SERCOM0_Handler
                0x000000f8                DAC_Handler
                0x000000f8                PTC_Handler
                0x000000f8                SYSCTRL_Handler
 *fill*         0x000000fa        0x2 
 .text.Reset_Handler
                0x000000fc       0xd0 Device_Startup/startup_samd10.o
                0x000000fc                Reset_Handler
 .text.ADC_0_init
                0x000001cc       0xa0 driver_init.o
                0x000001cc                ADC_0_init
 .text.USART_0_PORT_init
                0x0000026c       0x40 driver_init.o
                0x0000026c                USART_0_PORT_init
 .text.USART_0_CLOCK_init
                0x000002ac       0x20 driver_init.o
                0x000002ac                USART_0_CLOCK_init
 .text.USART_0_init
                0x000002cc       0x2c driver_init.o
                0x000002cc                USART_0_init
 .text.system_init
                0x000002f8       0x58 driver_init.o
                0x000002f8                system_init
 .text.adc_async_window_threshold_reached
                0x00000350        0xc hal/src/hal_adc_async.o
 .text.adc_async_error_occured
                0x0000035c        0xc hal/src/hal_adc_async.o
 .text.adc_async_channel_conversion_done
                0x00000368       0x60 hal/src/hal_adc_async.o
 .text.adc_async_init
                0x000003c8       0xa8 hal/src/hal_adc_async.o
                0x000003c8                adc_async_init
 .text.adc_async_register_channel_buffer
                0x00000470       0xb4 hal/src/hal_adc_async.o
                0x00000470                adc_async_register_channel_buffer
 .text.adc_async_enable_channel
                0x00000524       0x40 hal/src/hal_adc_async.o
                0x00000524                adc_async_enable_channel
 .text.adc_async_register_callback
                0x00000564       0x7c hal/src/hal_adc_async.o
                0x00000564                adc_async_register_callback
 .text.adc_async_start_conversion
                0x000005e0       0x28 hal/src/hal_adc_async.o
                0x000005e0                adc_async_start_conversion
 .text.atomic_enter_critical
                0x00000608        0xe hal/src/hal_atomic.o
                0x00000608                atomic_enter_critical
 .text.atomic_leave_critical
                0x00000616        0xc hal/src/hal_atomic.o
                0x00000616                atomic_leave_critical
 *fill*         0x00000622        0x2 
 .text.timer_add_timer_task
                0x00000624       0x70 hal/src/hal_timer.o
 .text.timer_process_counted
                0x00000694       0x8c hal/src/hal_timer.o
 .text.timer_init
                0x00000720       0x44 hal/src/hal_timer.o
                0x00000720                timer_init
 .text.timer_start
                0x00000764       0x3c hal/src/hal_timer.o
                0x00000764                timer_start
 .text.timer_add_task
                0x000007a0       0xac hal/src/hal_timer.o
                0x000007a0                timer_add_task
 .text.usart_sync_write
                0x0000084c       0x7c hal/src/hal_usart_sync.o
 .text.usart_sync_read
                0x000008c8       0x68 hal/src/hal_usart_sync.o
 .text.usart_sync_init
                0x00000930       0x4c hal/src/hal_usart_sync.o
                0x00000930                usart_sync_init
 .text.usart_sync_enable
                0x0000097c       0x2c hal/src/hal_usart_sync.o
                0x0000097c                usart_sync_enable
 .text.assert   0x000009a8        0x8 hal/utils/src/utils_assert.o
                0x000009a8                assert
 .text.is_list_element
                0x000009b0       0x24 hal/utils/src/utils_list.o
                0x000009b0                is_list_element
 .text.list_insert_as_head
                0x000009d4       0x2c hal/utils/src/utils_list.o
                0x000009d4                list_insert_as_head
 .text.list_insert_after
                0x00000a00        0x8 hal/utils/src/utils_list.o
                0x00000a00                list_insert_after
 .text.list_remove_head
                0x00000a08        0xe hal/utils/src/utils_list.o
                0x00000a08                list_remove_head
 *fill*         0x00000a16        0x2 
 .text.ringbuffer_init
                0x00000a18       0x54 hal/utils/src/utils_ringbuffer.o
                0x00000a18                ringbuffer_init
 .text.ringbuffer_put
                0x00000a6c       0x40 hal/utils/src/utils_ringbuffer.o
                0x00000a6c                ringbuffer_put
 .text._sbrk    0x00000aac       0x24 hal/utils/src/utils_syscalls.o
                0x00000aac                _sbrk
 .text._close   0x00000ad0        0x6 hal/utils/src/utils_syscalls.o
                0x00000ad0                _close
 .text._fstat   0x00000ad6        0xa hal/utils/src/utils_syscalls.o
                0x00000ad6                _fstat
 .text._isatty  0x00000ae0        0x4 hal/utils/src/utils_syscalls.o
                0x00000ae0                _isatty
 .text._lseek   0x00000ae4        0x4 hal/utils/src/utils_syscalls.o
                0x00000ae4                _lseek
 .text._adc_get_regs
                0x00000ae8        0x4 hpl/adc/hpl_adc.o
 .text._adc_init
                0x00000aec      0x104 hpl/adc/hpl_adc.o
 .text._adc_async_init
                0x00000bf0       0x60 hpl/adc/hpl_adc.o
                0x00000bf0                _adc_async_init
 .text._adc_async_enable_channel
                0x00000c50        0xc hpl/adc/hpl_adc.o
                0x00000c50                _adc_async_enable_channel
 .text._adc_async_get_data_size
                0x00000c5c       0x18 hpl/adc/hpl_adc.o
                0x00000c5c                _adc_async_get_data_size
 .text._adc_async_convert
                0x00000c74       0x12 hpl/adc/hpl_adc.o
                0x00000c74                _adc_async_convert
 .text._adc_async_set_irq_state
                0x00000c86       0x3e hpl/adc/hpl_adc.o
                0x00000c86                _adc_async_set_irq_state
 .text.ADC_Handler
                0x00000cc4       0x4c hpl/adc/hpl_adc.o
                0x00000cc4                ADC_Handler
 .text._irq_set
                0x00000d10       0x1c hpl/core/hpl_core_m0plus_base.o
                0x00000d10                _irq_set
 .text._init_chip
                0x00000d2c       0x30 hpl/core/hpl_init.o
                0x00000d2c                _init_chip
 .text._gclk_init_generators_by_fref
                0x00000d5c       0x20 hpl/gclk/hpl_gclk.o
                0x00000d5c                _gclk_init_generators_by_fref
 .text._pm_init
                0x00000d7c       0x20 hpl/pm/hpl_pm.o
                0x00000d7c                _pm_init
 .text._usart_init
                0x00000d9c       0x9c hpl/sercom/hpl_sercom.o
 .text._usart_sync_init
                0x00000e38       0x2c hpl/sercom/hpl_sercom.o
                0x00000e38                _usart_sync_init
 .text._usart_sync_enable
                0x00000e64       0x14 hpl/sercom/hpl_sercom.o
                0x00000e64                _usart_sync_enable
 .text._usart_sync_write_byte
                0x00000e78        0x8 hpl/sercom/hpl_sercom.o
                0x00000e78                _usart_sync_write_byte
 .text._usart_sync_read_byte
                0x00000e80        0x8 hpl/sercom/hpl_sercom.o
                0x00000e80                _usart_sync_read_byte
 .text._usart_sync_is_ready_to_send
                0x00000e88        0xa hpl/sercom/hpl_sercom.o
                0x00000e88                _usart_sync_is_ready_to_send
 .text._usart_sync_is_transmit_done
                0x00000e92        0xa hpl/sercom/hpl_sercom.o
                0x00000e92                _usart_sync_is_transmit_done
 .text._usart_sync_is_byte_received
                0x00000e9c        0xa hpl/sercom/hpl_sercom.o
                0x00000e9c                _usart_sync_is_byte_received
 *fill*         0x00000ea6        0x2 
 .text._sysctrl_init_sources
                0x00000ea8       0x48 hpl/sysctrl/hpl_sysctrl.o
                0x00000ea8                _sysctrl_init_sources
 .text._sysctrl_init_referenced_generators
                0x00000ef0       0x10 hpl/sysctrl/hpl_sysctrl.o
                0x00000ef0                _sysctrl_init_referenced_generators
 .text._timer_init
                0x00000f00      0x114 hpl/tc/hpl_tc.o
                0x00000f00                _timer_init
 .text._timer_start
                0x00001014        0xc hpl/tc/hpl_tc.o
                0x00001014                _timer_start
 .text._timer_is_started
                0x00001020        0xa hpl/tc/hpl_tc.o
                0x00001020                _timer_is_started
 .text._tc_get_timer
                0x0000102a        0x4 hpl/tc/hpl_tc.o
                0x0000102a                _tc_get_timer
 *fill*         0x0000102e        0x2 
 .text._timer_set_irq
                0x00001030       0x20 hpl/tc/hpl_tc.o
                0x00001030                _timer_set_irq
 .text.TC1_Handler
                0x00001050       0x20 hpl/tc/hpl_tc.o
                0x00001050                TC1_Handler
 .text.adc_cb   0x00001070        0x2 main.o
 *fill*         0x00001072        0x2 
 .text.TIM0_cb  0x00001074       0x14 main.o
 .text.uart_init
                0x00001088       0x14 main.o
                0x00001088                uart_init
 .text.adc_init
                0x0000109c       0x34 main.o
                0x0000109c                adc_init
 .text.TIM0_init
                0x000010d0       0x34 main.o
                0x000010d0                TIM0_init
 .text.main     0x00001104       0x34 main.o
                0x00001104                main
 .text          0x00001138      0x114 c:/program files (x86)/atmel/studio/7.0/toolchain/arm/arm-gnu-toolchain/bin/../lib/gcc/arm-none-eabi/6.3.1/thumb/v6-m\libgcc.a(_udivsi3.o)
                0x00001138                __aeabi_uidiv
                0x00001138                __udivsi3
                0x00001244                __aeabi_uidivmod
 .text          0x0000124c        0x4 c:/program files (x86)/atmel/studio/7.0/toolchain/arm/arm-gnu-toolchain/bin/../lib/gcc/arm-none-eabi/6.3.1/thumb/v6-m\libgcc.a(_dvmd_tls.o)
                0x0000124c                __aeabi_idiv0
                0x0000124c                __aeabi_ldiv0
 .text.__libc_init_array
                0x00001250       0x48 c:/program files (x86)/atmel/studio/7.0/toolchain/arm/arm-gnu-toolchain/bin/../lib/gcc/arm-none-eabi/6.3.1/../../../../arm-none-eabi/lib/thumb/v6-m\libc_nano.a(lib_a-init.o)
                0x00001250                __libc_init_array
 .text.memset   0x00001298       0x10 c:/program files (x86)/atmel/studio/7.0/toolchain/arm/arm-gnu-toolchain/bin/../lib/gcc/arm-none-eabi/6.3.1/../../../../arm-none-eabi/lib/thumb/v6-m\libc_nano.a(lib_a-memset.o)
                0x00001298                memset
 .text.printf   0x000012a8       0x34 c:/program files (x86)/atmel/studio/7.0/toolchain/arm/arm-gnu-toolchain/bin/../lib/gcc/arm-none-eabi/6.3.1/../../../../arm-none-eabi/lib/thumb/v6-m\libc_nano.a(lib_a-printf.o)
                0x000012a8                iprintf
                0x000012a8                printf
 .text._cleanup_r
                0x000012dc       0x10 c:/program files (x86)/atmel/studio/7.0/toolchain/arm/arm-gnu-toolchain/bin/../lib/gcc/arm-none-eabi/6.3.1/../../../../arm-none-eabi/lib/thumb/v6-m\libc_nano.a(lib_a-findfp.o)
                0x000012dc                _cleanup_r
 .text.std.isra.0
                0x000012ec       0x48 c:/program files (x86)/atmel/studio/7.0/toolchain/arm/arm-gnu-toolchain/bin/../lib/gcc/arm-none-eabi/6.3.1/../../../../arm-none-eabi/lib/thumb/v6-m\libc_nano.a(lib_a-findfp.o)
 .text.__sfmoreglue
                0x00001334       0x2c c:/program files (x86)/atmel/studio/7.0/toolchain/arm/arm-gnu-toolchain/bin/../lib/gcc/arm-none-eabi/6.3.1/../../../../arm-none-eabi/lib/thumb/v6-m\libc_nano.a(lib_a-findfp.o)
                0x00001334                __sfmoreglue
 .text.__sinit  0x00001360       0x68 c:/program files (x86)/atmel/studio/7.0/toolchain/arm/arm-gnu-toolchain/bin/../lib/gcc/arm-none-eabi/6.3.1/../../../../arm-none-eabi/lib/thumb/v6-m\libc_nano.a(lib_a-findfp.o)
                0x00001360                __sinit
 .text.__sfp    0x000013c8       0x80 c:/program files (x86)/atmel/studio/7.0/toolchain/arm/arm-gnu-toolchain/bin/../lib/gcc/arm-none-eabi/6.3.1/../../../../arm-none-eabi/lib/thumb/v6-m\libc_nano.a(lib_a-findfp.o)
                0x000013c8                __sfp
 .text._fwalk_reent
                0x00001448       0x42 c:/program files (x86)/atmel/studio/7.0/toolchain/arm/arm-gnu-toolchain/bin/../lib/gcc/arm-none-eabi/6.3.1/../../../../arm-none-eabi/lib/thumb/v6-m\libc_nano.a(lib_a-fwalk.o)
                0x00001448                _fwalk_reent
 *fill*         0x0000148a        0x2 
 .text._malloc_r
                0x0000148c       0xbc c:/program files (x86)/atmel/studio/7.0/toolchain/arm/arm-gnu-toolchain/bin/../lib/gcc/arm-none-eabi/6.3.1/../../../../arm-none-eabi/lib/thumb/v6-m\libc_nano.a(lib_a-nano-mallocr.o)
                0x0000148c                _malloc_r
 .text.__sfputc_r
                0x00001548       0x2a c:/program files (x86)/atmel/studio/7.0/toolchain/arm/arm-gnu-toolchain/bin/../lib/gcc/arm-none-eabi/6.3.1/../../../../arm-none-eabi/lib/thumb/v6-m\libc_nano.a(lib_a-nano-vfprintf.o)
 .text.__sfputs_r
                0x00001572       0x24 c:/program files (x86)/atmel/studio/7.0/toolchain/arm/arm-gnu-toolchain/bin/../lib/gcc/arm-none-eabi/6.3.1/../../../../arm-none-eabi/lib/thumb/v6-m\libc_nano.a(lib_a-nano-vfprintf.o)
                0x00001572                __sfputs_r
 *fill*         0x00001596        0x2 
 .text._vfprintf_r
                0x00001598      0x238 c:/program files (x86)/atmel/studio/7.0/toolchain/arm/arm-gnu-toolchain/bin/../lib/gcc/arm-none-eabi/6.3.1/../../../../arm-none-eabi/lib/thumb/v6-m\libc_nano.a(lib_a-nano-vfprintf.o)
                0x00001598                _vfprintf_r
                0x00001598                _vfiprintf_r
 .text._printf_common
                0x000017d0       0xda c:/program files (x86)/atmel/studio/7.0/toolchain/arm/arm-gnu-toolchain/bin/../lib/gcc/arm-none-eabi/6.3.1/../../../../arm-none-eabi/lib/thumb/v6-m\libc_nano.a(lib_a-nano-vfprintf_i.o)
                0x000017d0                _printf_common
 *fill*         0x000018aa        0x2 
 .text._printf_i
                0x000018ac      0x234 c:/program files (x86)/atmel/studio/7.0/toolchain/arm/arm-gnu-toolchain/bin/../lib/gcc/arm-none-eabi/6.3.1/../../../../arm-none-eabi/lib/thumb/v6-m\libc_nano.a(lib_a-nano-vfprintf_i.o)
                0x000018ac                _printf_i
 .text._sbrk_r  0x00001ae0       0x24 c:/program files (x86)/atmel/studio/7.0/toolchain/arm/arm-gnu-toolchain/bin/../lib/gcc/arm-none-eabi/6.3.1/../../../../arm-none-eabi/lib/thumb/v6-m\libc_nano.a(lib_a-sbrkr.o)
                0x00001ae0                _sbrk_r
 .text.__sread  0x00001b04       0x28 c:/program files (x86)/atmel/studio/7.0/toolchain/arm/arm-gnu-toolchain/bin/../lib/gcc/arm-none-eabi/6.3.1/../../../../arm-none-eabi/lib/thumb/v6-m\libc_nano.a(lib_a-stdio.o)
                0x00001b04                __sread
 .text.__swrite
                0x00001b2c       0x38 c:/program files (x86)/atmel/studio/7.0/toolchain/arm/arm-gnu-toolchain/bin/../lib/gcc/arm-none-eabi/6.3.1/../../../../arm-none-eabi/lib/thumb/v6-m\libc_nano.a(lib_a-stdio.o)
                0x00001b2c                __swrite
 .text.__sseek  0x00001b64       0x2c c:/program files (x86)/atmel/studio/7.0/toolchain/arm/arm-gnu-toolchain/bin/../lib/gcc/arm-none-eabi/6.3.1/../../../../arm-none-eabi/lib/thumb/v6-m\libc_nano.a(lib_a-stdio.o)
                0x00001b64                __sseek
 .text.__sclose
                0x00001b90        0xc c:/program files (x86)/atmel/studio/7.0/toolchain/arm/arm-gnu-toolchain/bin/../lib/gcc/arm-none-eabi/6.3.1/../../../../arm-none-eabi/lib/thumb/v6-m\libc_nano.a(lib_a-stdio.o)
                0x00001b90                __sclose
 .text.__swbuf_r
                0x00001b9c       0xac c:/program files (x86)/atmel/studio/7.0/toolchain/arm/arm-gnu-toolchain/bin/../lib/gcc/arm-none-eabi/6.3.1/../../../../arm-none-eabi/lib/thumb/v6-m\libc_nano.a(lib_a-wbuf.o)
                0x00001b9c                __swbuf_r
 .text._write_r
                0x00001c48       0x28 c:/program files (x86)/atmel/studio/7.0/toolchain/arm/arm-gnu-toolchain/bin/../lib/gcc/arm-none-eabi/6.3.1/../../../../arm-none-eabi/lib/thumb/v6-m\libc_nano.a(lib_a-writer.o)
                0x00001c48                _write_r
 .text.__swsetup_r
                0x00001c70       0xec c:/program files (x86)/atmel/studio/7.0/toolchain/arm/arm-gnu-toolchain/bin/../lib/gcc/arm-none-eabi/6.3.1/../../../../arm-none-eabi/lib/thumb/v6-m\libc_nano.a(lib_a-wsetup.o)
                0x00001c70                __swsetup_r
 .text._close_r
                0x00001d5c       0x24 c:/program files (x86)/atmel/studio/7.0/toolchain/arm/arm-gnu-toolchain/bin/../lib/gcc/arm-none-eabi/6.3.1/../../../../arm-none-eabi/lib/thumb/v6-m\libc_nano.a(lib_a-closer.o)
                0x00001d5c                _close_r
 .text.__sflush_r
                0x00001d80      0x114 c:/program files (x86)/atmel/studio/7.0/toolchain/arm/arm-gnu-toolchain/bin/../lib/gcc/arm-none-eabi/6.3.1/../../../../arm-none-eabi/lib/thumb/v6-m\libc_nano.a(lib_a-fflush.o)
                0x00001d80                __sflush_r
 .text._fflush_r
                0x00001e94       0x58 c:/program files (x86)/atmel/studio/7.0/toolchain/arm/arm-gnu-toolchain/bin/../lib/gcc/arm-none-eabi/6.3.1/../../../../arm-none-eabi/lib/thumb/v6-m\libc_nano.a(lib_a-fflush.o)
                0x00001e94                _fflush_r
 .text._lseek_r
                0x00001eec       0x28 c:/program files (x86)/atmel/studio/7.0/toolchain/arm/arm-gnu-toolchain/bin/../lib/gcc/arm-none-eabi/6.3.1/../../../../arm-none-eabi/lib/thumb/v6-m\libc_nano.a(lib_a-lseekr.o)
                0x00001eec                _lseek_r
 .text.__swhatbuf_r
                0x00001f14       0x50 c:/program files (x86)/atmel/studio/7.0/toolchain/arm/arm-gnu-toolchain/bin/../lib/gcc/arm-none-eabi/6.3.1/../../../../arm-none-eabi/lib/thumb/v6-m\libc_nano.a(lib_a-makebuf.o)
                0x00001f14                __swhatbuf_r
 .text.__smakebuf_r
                0x00001f64       0x88 c:/program files (x86)/atmel/studio/7.0/toolchain/arm/arm-gnu-toolchain/bin/../lib/gcc/arm-none-eabi/6.3.1/../../../../arm-none-eabi/lib/thumb/v6-m\libc_nano.a(lib_a-makebuf.o)
                0x00001f64                __smakebuf_r
 .text.memchr   0x00001fec       0x16 c:/program files (x86)/atmel/studio/7.0/toolchain/arm/arm-gnu-toolchain/bin/../lib/gcc/arm-none-eabi/6.3.1/../../../../arm-none-eabi/lib/thumb/v6-m\libc_nano.a(lib_a-memchr-stub.o)
                0x00001fec                memchr
 .text.__malloc_lock
                0x00002002        0x2 c:/program files (x86)/atmel/studio/7.0/toolchain/arm/arm-gnu-toolchain/bin/../lib/gcc/arm-none-eabi/6.3.1/../../../../arm-none-eabi/lib/thumb/v6-m\libc_nano.a(lib_a-mlock.o)
                0x00002002                __malloc_lock
 .text.__malloc_unlock
                0x00002004        0x2 c:/program files (x86)/atmel/studio/7.0/toolchain/arm/arm-gnu-toolchain/bin/../lib/gcc/arm-none-eabi/6.3.1/../../../../arm-none-eabi/lib/thumb/v6-m\libc_nano.a(lib_a-mlock.o)
                0x00002004                __malloc_unlock
 *fill*         0x00002006        0x2 
 .text._free_r  0x00002008       0x94 c:/program files (x86)/atmel/studio/7.0/toolchain/arm/arm-gnu-toolchain/bin/../lib/gcc/arm-none-eabi/6.3.1/../../../../arm-none-eabi/lib/thumb/v6-m\libc_nano.a(lib_a-nano-freer.o)
                0x00002008                _free_r
 .text._read_r  0x0000209c       0x28 c:/program files (x86)/atmel/studio/7.0/toolchain/arm/arm-gnu-toolchain/bin/../lib/gcc/arm-none-eabi/6.3.1/../../../../arm-none-eabi/lib/thumb/v6-m\libc_nano.a(lib_a-readr.o)
                0x0000209c                _read_r
 .text._fstat_r
                0x000020c4       0x24 c:/program files (x86)/atmel/studio/7.0/toolchain/arm/arm-gnu-toolchain/bin/../lib/gcc/arm-none-eabi/6.3.1/../../../../arm-none-eabi/lib/thumb/v6-m\libc_nano.a(lib_a-fstatr.o)
                0x000020c4                _fstat_r
 .text._isatty_r
                0x000020e8       0x24 c:/program files (x86)/atmel/studio/7.0/toolchain/arm/arm-gnu-toolchain/bin/../lib/gcc/arm-none-eabi/6.3.1/../../../../arm-none-eabi/lib/thumb/v6-m\libc_nano.a(lib_a-isattyr.o)
                0x000020e8                _isatty_r
 *(.glue_7t)
 .glue_7t       0x0000210c        0x0 linker stubs
 *(.glue_7)
 .glue_7        0x0000210c        0x0 linker stubs
 *(.rodata .rodata* .gnu.linkonce.r.*)
 .rodata.str1.4
                0x0000210c       0x1b hal/src/hal_adc_async.o
 *fill*         0x00002127        0x1 
 .rodata.str1.4
                0x00002128       0x17 hal/src/hal_timer.o
 *fill*         0x0000213f        0x1 
 .rodata.str1.4
                0x00002140       0x1c hal/src/hal_usart_sync.o
 .rodata.str1.4
                0x0000215c       0x1e hal/utils/src/utils_list.o
 *fill*         0x0000217a        0x2 
 .rodata.str1.4
                0x0000217c       0x24 hal/utils/src/utils_ringbuffer.o
 .rodata        0x000021a0       0x1c hpl/adc/hpl_adc.o
 .rodata.str1.4
                0x000021bc       0x15 hpl/adc/hpl_adc.o
 *fill*         0x000021d1        0x3 
 .rodata.str1.4
                0x000021d4       0x1b hpl/sercom/hpl_sercom.o
 *fill*         0x000021ef        0x1 
 .rodata        0x000021f0       0x14 hpl/tc/hpl_tc.o
 .rodata.str1.4
                0x00002204       0x13 hpl/tc/hpl_tc.o
 *fill*         0x00002217        0x1 
 .rodata.str1.4
                0x00002218        0x8 main.o
 .rodata._global_impure_ptr
                0x00002220        0x4 c:/program files (x86)/atmel/studio/7.0/toolchain/arm/arm-gnu-toolchain/bin/../lib/gcc/arm-none-eabi/6.3.1/../../../../arm-none-eabi/lib/thumb/v6-m\libc_nano.a(lib_a-impure.o)
                0x00002220                _global_impure_ptr
 .rodata.__sf_fake_stderr
                0x00002224       0x20 c:/program files (x86)/atmel/studio/7.0/toolchain/arm/arm-gnu-toolchain/bin/../lib/gcc/arm-none-eabi/6.3.1/../../../../arm-none-eabi/lib/thumb/v6-m\libc_nano.a(lib_a-findfp.o)
                0x00002224                __sf_fake_stderr
 .rodata.__sf_fake_stdin
                0x00002244       0x20 c:/program files (x86)/atmel/studio/7.0/toolchain/arm/arm-gnu-toolchain/bin/../lib/gcc/arm-none-eabi/6.3.1/../../../../arm-none-eabi/lib/thumb/v6-m\libc_nano.a(lib_a-findfp.o)
                0x00002244                __sf_fake_stdin
 .rodata.__sf_fake_stdout
                0x00002264       0x20 c:/program files (x86)/atmel/studio/7.0/toolchain/arm/arm-gnu-toolchain/bin/../lib/gcc/arm-none-eabi/6.3.1/../../../../arm-none-eabi/lib/thumb/v6-m\libc_nano.a(lib_a-findfp.o)
                0x00002264                __sf_fake_stdout
 .rodata._vfprintf_r.str1.1
                0x00002284       0x11 c:/program files (x86)/atmel/studio/7.0/toolchain/arm/arm-gnu-toolchain/bin/../lib/gcc/arm-none-eabi/6.3.1/../../../../arm-none-eabi/lib/thumb/v6-m\libc_nano.a(lib_a-nano-vfprintf.o)
 .rodata._printf_i.str1.1
                0x00002295       0x22 c:/program files (x86)/atmel/studio/7.0/toolchain/arm/arm-gnu-toolchain/bin/../lib/gcc/arm-none-eabi/6.3.1/../../../../arm-none-eabi/lib/thumb/v6-m\libc_nano.a(lib_a-nano-vfprintf_i.o)
 *(.ARM.extab* .gnu.linkonce.armextab.*)
                0x000022b8                . = ALIGN (0x4)
 *fill*         0x000022b7        0x1 
 *(.init)
 .init          0x000022b8        0x4 c:/program files (x86)/atmel/studio/7.0/toolchain/arm/arm-gnu-toolchain/bin/../lib/gcc/arm-none-eabi/6.3.1/thumb/v6-m/crti.o
                0x000022b8                _init
 .init          0x000022bc        0x8 c:/program files (x86)/atmel/studio/7.0/toolchain/arm/arm-gnu-toolchain/bin/../lib/gcc/arm-none-eabi/6.3.1/thumb/v6-m/crtn.o
                0x000022c4                . = ALIGN (0x4)
                0x000022c4                __preinit_array_start = .
 *(.preinit_array)
                0x000022c4                __preinit_array_end = .
                0x000022c4                . = ALIGN (0x4)
                0x000022c4                __init_array_start = .
 *(SORT(.init_array.*))
 *(.init_array)
 .init_array    0x000022c4        0x4 c:/program files (x86)/atmel/studio/7.0/toolchain/arm/arm-gnu-toolchain/bin/../lib/gcc/arm-none-eabi/6.3.1/thumb/v6-m/crtbegin.o
                0x000022c8                __init_array_end = .
                0x000022c8                . = ALIGN (0x4)
 *crtbegin.o(.ctors)
 *(EXCLUDE_FILE(*crtend.o) .ctors)
 *(SORT(.ctors.*))
 *crtend.o(.ctors)
                0x000022c8                . = ALIGN (0x4)
 *(.fini)
 .fini          0x000022c8        0x4 c:/program files (x86)/atmel/studio/7.0/toolchain/arm/arm-gnu-toolchain/bin/../lib/gcc/arm-none-eabi/6.3.1/thumb/v6-m/crti.o
                0x000022c8                _fini
 .fini          0x000022cc        0x8 c:/program files (x86)/atmel/studio/7.0/toolchain/arm/arm-gnu-toolchain/bin/../lib/gcc/arm-none-eabi/6.3.1/thumb/v6-m/crtn.o
                0x000022d4                . = ALIGN (0x4)
                0x000022d4                __fini_array_start = .
 *(.fini_array)
 .fini_array    0x000022d4        0x4 c:/program files (x86)/atmel/studio/7.0/toolchain/arm/arm-gnu-toolchain/bin/../lib/gcc/arm-none-eabi/6.3.1/thumb/v6-m/crtbegin.o
 *(SORT(.fini_array.*))
                0x000022d8                __fini_array_end = .
 *crtbegin.o(.dtors)
 *(EXCLUDE_FILE(*crtend.o) .dtors)
 *(SORT(.dtors.*))
 *crtend.o(.dtors)
                0x000022d8                . = ALIGN (0x4)
                0x000022d8                _efixed = .
                [!provide]                PROVIDE (__exidx_start, .)

.vfp11_veneer   0x000022d8        0x0
 .vfp11_veneer  0x000022d8        0x0 linker stubs

.v4_bx          0x000022d8        0x0
 .v4_bx         0x000022d8        0x0 linker stubs

.iplt           0x000022d8        0x0
 .iplt          0x000022d8        0x0 c:/program files (x86)/atmel/studio/7.0/toolchain/arm/arm-gnu-toolchain/bin/../lib/gcc/arm-none-eabi/6.3.1/thumb/v6-m/crtbegin.o

.eh_frame       0x000022d8        0x0
 .eh_frame      0x000022d8        0x0 c:/program files (x86)/atmel/studio/7.0/toolchain/arm/arm-gnu-toolchain/bin/../lib/gcc/arm-none-eabi/6.3.1/thumb/v6-m/crtbegin.o

.rel.dyn        0x000022d8        0x0
 .rel.iplt      0x000022d8        0x0 c:/program files (x86)/atmel/studio/7.0/toolchain/arm/arm-gnu-toolchain/bin/../lib/gcc/arm-none-eabi/6.3.1/thumb/v6-m/crtbegin.o

.jcr            0x000022d8        0x0
 .jcr           0x000022d8        0x0 c:/program files (x86)/atmel/studio/7.0/toolchain/arm/arm-gnu-toolchain/bin/../lib/gcc/arm-none-eabi/6.3.1/thumb/v6-m/crtbegin.o

.igot.plt       0x000022d8        0x0
 .igot.plt      0x000022d8        0x0 c:/program files (x86)/atmel/studio/7.0/toolchain/arm/arm-gnu-toolchain/bin/../lib/gcc/arm-none-eabi/6.3.1/thumb/v6-m/crtbegin.o

.ARM.exidx
 *(.ARM.exidx* .gnu.linkonce.armexidx.*)
                [!provide]                PROVIDE (__exidx_end, .)
                0x000022d8                . = ALIGN (0x4)
                0x000022d8                _etext = .

.relocate       0x20000000       0x64 load address 0x000022d8
                0x20000000                . = ALIGN (0x4)
                0x20000000                _srelocate = .
 *(.ramfunc .ramfunc.*)
 *(.data .data.*)
 .data._impure_ptr
                0x20000000        0x4 c:/program files (x86)/atmel/studio/7.0/toolchain/arm/arm-gnu-toolchain/bin/../lib/gcc/arm-none-eabi/6.3.1/../../../../arm-none-eabi/lib/thumb/v6-m\libc_nano.a(lib_a-impure.o)
                0x20000000                _impure_ptr
 .data.impure_data
                0x20000004       0x60 c:/program files (x86)/atmel/studio/7.0/toolchain/arm/arm-gnu-toolchain/bin/../lib/gcc/arm-none-eabi/6.3.1/../../../../arm-none-eabi/lib/thumb/v6-m\libc_nano.a(lib_a-impure.o)
                0x20000064                . = ALIGN (0x4)
                0x20000064                _erelocate = .

.bss            0x20000064       0xc8 load address 0x0000233c
                0x20000064                . = ALIGN (0x4)
                0x20000064                _sbss = .
                0x20000064                _szero = .
 *(.bss .bss.*)
 .bss           0x20000064       0x1c c:/program files (x86)/atmel/studio/7.0/toolchain/arm/arm-gnu-toolchain/bin/../lib/gcc/arm-none-eabi/6.3.1/thumb/v6-m/crtbegin.o
 .bss           0x20000080       0x14 driver_init.o
 .bss           0x20000094        0x4 hal/utils/src/utils_syscalls.o
 .bss           0x20000098        0x4 hpl/adc/hpl_adc.o
 .bss           0x2000009c        0x4 hpl/tc/hpl_tc.o
 .bss           0x200000a0       0x14 main.o
 .bss.__malloc_free_list
                0x200000b4        0x4 c:/program files (x86)/atmel/studio/7.0/toolchain/arm/arm-gnu-toolchain/bin/../lib/gcc/arm-none-eabi/6.3.1/../../../../arm-none-eabi/lib/thumb/v6-m\libc_nano.a(lib_a-nano-mallocr.o)
                0x200000b4                __malloc_free_list
 .bss.__malloc_sbrk_start
                0x200000b8        0x4 c:/program files (x86)/atmel/studio/7.0/toolchain/arm/arm-gnu-toolchain/bin/../lib/gcc/arm-none-eabi/6.3.1/../../../../arm-none-eabi/lib/thumb/v6-m\libc_nano.a(lib_a-nano-mallocr.o)
                0x200000b8                __malloc_sbrk_start
 *(COMMON)
 COMMON         0x200000bc       0x6c driver_init.o
                0x200000bc                ADC_0
                0x200000e8                ADC_0_ch
                0x20000100                USART_0
                0x2000010c                TIMER_0
 COMMON         0x20000128        0x4 c:/program files (x86)/atmel/studio/7.0/toolchain/arm/arm-gnu-toolchain/bin/../lib/gcc/arm-none-eabi/6.3.1/../../../../arm-none-eabi/lib/thumb/v6-m\libc_nano.a(lib_a-reent.o)
                0x20000128                errno
                0x2000012c                . = ALIGN (0x4)
                0x2000012c                _ebss = .
                0x2000012c                _ezero = .

.stack          0x2000012c      0x404 load address 0x00002404
                0x20000130                . = ALIGN (0x8)
 *fill*         0x2000012c        0x4 
                0x20000130                _sstack = .
                0x20000530                . = (. + STACK_SIZE)
 *fill*         0x20000130      0x400 
                0x20000530                . = ALIGN (0x8)
                0x20000530                _estack = .
                0x20000530                . = ALIGN (0x4)
                0x20000530                _end = .
OUTPUT(Print.elf elf32-littlearm)

.ARM.attributes
                0x00000000       0x28
 .ARM.attributes
                0x00000000       0x1e c:/program files (x86)/atmel/studio/7.0/toolchain/arm/arm-gnu-toolchain/bin/../lib/gcc/arm-none-eabi/6.3.1/thumb/v6-m/crti.o
 .ARM.attributes
                0x0000001e       0x2c c:/program files (x86)/atmel/studio/7.0/toolchain/arm/arm-gnu-toolchain/bin/../lib/gcc/arm-none-eabi/6.3.1/thumb/v6-m/crtbegin.o
 .ARM.attributes
                0x0000004a       0x32 atmel_start.o
 .ARM.attributes
                0x0000007c       0x32 Device_Startup/startup_samd10.o
 .ARM.attributes
                0x000000ae       0x32 driver_init.o
 .ARM.attributes
                0x000000e0       0x32 hal/src/hal_adc_async.o
 .ARM.attributes
                0x00000112       0x32 hal/src/hal_atomic.o
 .ARM.attributes
                0x00000144       0x32 hal/src/hal_timer.o
 .ARM.attributes
                0x00000176       0x32 hal/src/hal_usart_sync.o
 .ARM.attributes
                0x000001a8       0x32 hal/utils/src/utils_assert.o
 .ARM.attributes
                0x000001da       0x32 hal/utils/src/utils_list.o
 .ARM.attributes
                0x0000020c       0x32 hal/utils/src/utils_ringbuffer.o
 .ARM.attributes
                0x0000023e       0x32 hal/utils/src/utils_syscalls.o
 .ARM.attributes
                0x00000270       0x32 hpl/adc/hpl_adc.o
 .ARM.attributes
                0x000002a2       0x32 hpl/core/hpl_core_m0plus_base.o
 .ARM.attributes
                0x000002d4       0x32 hpl/core/hpl_init.o
 .ARM.attributes
                0x00000306       0x32 hpl/gclk/hpl_gclk.o
 .ARM.attributes
                0x00000338       0x32 hpl/pm/hpl_pm.o
 .ARM.attributes
                0x0000036a       0x32 hpl/sercom/hpl_sercom.o
 .ARM.attributes
                0x0000039c       0x32 hpl/sysctrl/hpl_sysctrl.o
 .ARM.attributes
                0x000003ce       0x32 hpl/tc/hpl_tc.o
 .ARM.attributes
                0x00000400       0x32 main.o
 .ARM.attributes
                0x00000432       0x1e c:/program files (x86)/atmel/studio/7.0/toolchain/arm/arm-gnu-toolchain/bin/../lib/gcc/arm-none-eabi/6.3.1/thumb/v6-m\libgcc.a(_udivsi3.o)
 .ARM.attributes
                0x00000450       0x1e c:/program files (x86)/atmel/studio/7.0/toolchain/arm/arm-gnu-toolchain/bin/../lib/gcc/arm-none-eabi/6.3.1/thumb/v6-m\libgcc.a(_dvmd_tls.o)
 .ARM.attributes
                0x0000046e       0x2c c:/program files (x86)/atmel/studio/7.0/toolchain/arm/arm-gnu-toolchain/bin/../lib/gcc/arm-none-eabi/6.3.1/../../../../arm-none-eabi/lib/thumb/v6-m\libc_nano.a(lib_a-impure.o)
 .ARM.attributes
                0x0000049a       0x2c c:/program files (x86)/atmel/studio/7.0/toolchain/arm/arm-gnu-toolchain/bin/../lib/gcc/arm-none-eabi/6.3.1/../../../../arm-none-eabi/lib/thumb/v6-m\libc_nano.a(lib_a-init.o)
 .ARM.attributes
                0x000004c6       0x2c c:/program files (x86)/atmel/studio/7.0/toolchain/arm/arm-gnu-toolchain/bin/../lib/gcc/arm-none-eabi/6.3.1/../../../../arm-none-eabi/lib/thumb/v6-m\libc_nano.a(lib_a-memset.o)
 .ARM.attributes
                0x000004f2       0x2c c:/program files (x86)/atmel/studio/7.0/toolchain/arm/arm-gnu-toolchain/bin/../lib/gcc/arm-none-eabi/6.3.1/../../../../arm-none-eabi/lib/thumb/v6-m\libc_nano.a(lib_a-printf.o)
 .ARM.attributes
                0x0000051e       0x2c c:/program files (x86)/atmel/studio/7.0/toolchain/arm/arm-gnu-toolchain/bin/../lib/gcc/arm-none-eabi/6.3.1/../../../../arm-none-eabi/lib/thumb/v6-m\libc_nano.a(lib_a-findfp.o)
 .ARM.attributes
                0x0000054a       0x2c c:/program files (x86)/atmel/studio/7.0/toolchain/arm/arm-gnu-toolchain/bin/../lib/gcc/arm-none-eabi/6.3.1/../../../../arm-none-eabi/lib/thumb/v6-m\libc_nano.a(lib_a-fwalk.o)
 .ARM.attributes
                0x00000576       0x2c c:/program files (x86)/atmel/studio/7.0/toolchain/arm/arm-gnu-toolchain/bin/../lib/gcc/arm-none-eabi/6.3.1/../../../../arm-none-eabi/lib/thumb/v6-m\libc_nano.a(lib_a-nano-mallocr.o)
 .ARM.attributes
                0x000005a2       0x2c c:/program files (x86)/atmel/studio/7.0/toolchain/arm/arm-gnu-toolchain/bin/../lib/gcc/arm-none-eabi/6.3.1/../../../../arm-none-eabi/lib/thumb/v6-m\libc_nano.a(lib_a-nano-vfprintf.o)
 .ARM.attributes
                0x000005ce       0x2c c:/program files (x86)/atmel/studio/7.0/toolchain/arm/arm-gnu-toolchain/bin/../lib/gcc/arm-none-eabi/6.3.1/../../../../arm-none-eabi/lib/thumb/v6-m\libc_nano.a(lib_a-nano-vfprintf_i.o)
 .ARM.attributes
                0x000005fa       0x2c c:/program files (x86)/atmel/studio/7.0/toolchain/arm/arm-gnu-toolchain/bin/../lib/gcc/arm-none-eabi/6.3.1/../../../../arm-none-eabi/lib/thumb/v6-m\libc_nano.a(lib_a-sbrkr.o)
 .ARM.attributes
                0x00000626       0x2c c:/program files (x86)/atmel/studio/7.0/toolchain/arm/arm-gnu-toolchain/bin/../lib/gcc/arm-none-eabi/6.3.1/../../../../arm-none-eabi/lib/thumb/v6-m\libc_nano.a(lib_a-stdio.o)
 .ARM.attributes
                0x00000652       0x2c c:/program files (x86)/atmel/studio/7.0/toolchain/arm/arm-gnu-toolchain/bin/../lib/gcc/arm-none-eabi/6.3.1/../../../../arm-none-eabi/lib/thumb/v6-m\libc_nano.a(lib_a-wbuf.o)
 .ARM.attributes
                0x0000067e       0x2c c:/program files (x86)/atmel/studio/7.0/toolchain/arm/arm-gnu-toolchain/bin/../lib/gcc/arm-none-eabi/6.3.1/../../../../arm-none-eabi/lib/thumb/v6-m\libc_nano.a(lib_a-writer.o)
 .ARM.attributes
                0x000006aa       0x2c c:/program files (x86)/atmel/studio/7.0/toolchain/arm/arm-gnu-toolchain/bin/../lib/gcc/arm-none-eabi/6.3.1/../../../../arm-none-eabi/lib/thumb/v6-m\libc_nano.a(lib_a-wsetup.o)
 .ARM.attributes
                0x000006d6       0x2c c:/program files (x86)/atmel/studio/7.0/toolchain/arm/arm-gnu-toolchain/bin/../lib/gcc/arm-none-eabi/6.3.1/../../../../arm-none-eabi/lib/thumb/v6-m\libc_nano.a(lib_a-closer.o)
 .ARM.attributes
                0x00000702       0x2c c:/program files (x86)/atmel/studio/7.0/toolchain/arm/arm-gnu-toolchain/bin/../lib/gcc/arm-none-eabi/6.3.1/../../../../arm-none-eabi/lib/thumb/v6-m\libc_nano.a(lib_a-fflush.o)
 .ARM.attributes
                0x0000072e       0x2c c:/program files (x86)/atmel/studio/7.0/toolchain/arm/arm-gnu-toolchain/bin/../lib/gcc/arm-none-eabi/6.3.1/../../../../arm-none-eabi/lib/thumb/v6-m\libc_nano.a(lib_a-lseekr.o)
 .ARM.attributes
                0x0000075a       0x2c c:/program files (x86)/atmel/studio/7.0/toolchain/arm/arm-gnu-toolchain/bin/../lib/gcc/arm-none-eabi/6.3.1/../../../../arm-none-eabi/lib/thumb/v6-m\libc_nano.a(lib_a-makebuf.o)
 .ARM.attributes
                0x00000786       0x2c c:/program files (x86)/atmel/studio/7.0/toolchain/arm/arm-gnu-toolchain/bin/../lib/gcc/arm-none-eabi/6.3.1/../../../../arm-none-eabi/lib/thumb/v6-m\libc_nano.a(lib_a-memchr-stub.o)
 .ARM.attributes
                0x000007b2       0x2c c:/program files (x86)/atmel/studio/7.0/toolchain/arm/arm-gnu-toolchain/bin/../lib/gcc/arm-none-eabi/6.3.1/../../../../arm-none-eabi/lib/thumb/v6-m\libc_nano.a(lib_a-mlock.o)
 .ARM.attributes
                0x000007de       0x2c c:/program files (x86)/atmel/studio/7.0/toolchain/arm/arm-gnu-toolchain/bin/../lib/gcc/arm-none-eabi/6.3.1/../../../../arm-none-eabi/lib/thumb/v6-m\libc_nano.a(lib_a-nano-freer.o)
 .ARM.attributes
                0x0000080a       0x2c c:/program files (x86)/atmel/studio/7.0/toolchain/arm/arm-gnu-toolchain/bin/../lib/gcc/arm-none-eabi/6.3.1/../../../../arm-none-eabi/lib/thumb/v6-m\libc_nano.a(lib_a-readr.o)
 .ARM.attributes
                0x00000836       0x2c c:/program files (x86)/atmel/studio/7.0/toolchain/arm/arm-gnu-toolchain/bin/../lib/gcc/arm-none-eabi/6.3.1/../../../../arm-none-eabi/lib/thumb/v6-m\libc_nano.a(lib_a-reent.o)
 .ARM.attributes
                0x00000862       0x2c c:/program files (x86)/atmel/studio/7.0/toolchain/arm/arm-gnu-toolchain/bin/../lib/gcc/arm-none-eabi/6.3.1/../../../../arm-none-eabi/lib/thumb/v6-m\libc_nano.a(lib_a-fstatr.o)
 .ARM.attributes
                0x0000088e       0x2c c:/program files (x86)/atmel/studio/7.0/toolchain/arm/arm-gnu-toolchain/bin/../lib/gcc/arm-none-eabi/6.3.1/../../../../arm-none-eabi/lib/thumb/v6-m\libc_nano.a(lib_a-isattyr.o)
 .ARM.attributes
                0x000008ba       0x1e c:/program files (x86)/atmel/studio/7.0/toolchain/arm/arm-gnu-toolchain/bin/../lib/gcc/arm-none-eabi/6.3.1/thumb/v6-m/crtn.o

.comment        0x00000000       0x59
 .comment       0x00000000       0x59 atmel_start.o
                                 0x5a (size before relaxing)
 .comment       0x00000059       0x5a Device_Startup/startup_samd10.o
 .comment       0x00000059       0x5a driver_init.o
 .comment       0x00000059       0x5a hal/src/hal_adc_async.o
 .comment       0x00000059       0x5a hal/src/hal_atomic.o
 .comment       0x00000059       0x5a hal/src/hal_timer.o
 .comment       0x00000059       0x5a hal/src/hal_usart_sync.o
 .comment       0x00000059       0x5a hal/utils/src/utils_assert.o
 .comment       0x00000059       0x5a hal/utils/src/utils_list.o
 .comment       0x00000059       0x5a hal/utils/src/utils_ringbuffer.o
 .comment       0x00000059       0x5a hal/utils/src/utils_syscalls.o
 .comment       0x00000059       0x5a hpl/adc/hpl_adc.o
 .comment       0x00000059       0x5a hpl/core/hpl_core_m0plus_base.o
 .comment       0x00000059       0x5a hpl/core/hpl_init.o
 .comment       0x00000059       0x5a hpl/gclk/hpl_gclk.o
 .comment       0x00000059       0x5a hpl/pm/hpl_pm.o
 .comment       0x00000059       0x5a hpl/sercom/hpl_sercom.o
 .comment       0x00000059       0x5a hpl/sysctrl/hpl_sysctrl.o
 .comment       0x00000059       0x5a hpl/tc/hpl_tc.o
 .comment       0x00000059       0x5a main.o

.debug_info     0x00000000    0x2205e
 .debug_info    0x00000000      0x571 atmel_start.o
 .debug_info    0x00000571     0x1aab Device_Startup/startup_samd10.o
 .debug_info    0x0000201c     0x7436 driver_init.o
 .debug_info    0x00009452     0x13cd hal/src/hal_adc_async.o
 .debug_info    0x0000a81f      0x1d1 hal/src/hal_atomic.o
 .debug_info    0x0000a9f0      0xbb7 hal/src/hal_timer.o
 .debug_info    0x0000b5a7      0xc56 hal/src/hal_usart_sync.o
 .debug_info    0x0000c1fd      0x107 hal/utils/src/utils_assert.o
 .debug_info    0x0000c304      0x310 hal/utils/src/utils_list.o
 .debug_info    0x0000c614      0x313 hal/utils/src/utils_ringbuffer.o
 .debug_info    0x0000c927      0xdca hal/utils/src/utils_syscalls.o
 .debug_info    0x0000d6f1     0x394c hpl/adc/hpl_adc.o
 .debug_info    0x0001103d      0x81d hpl/core/hpl_core_m0plus_base.o
 .debug_info    0x0001185a      0x677 hpl/core/hpl_init.o
 .debug_info    0x00011ed1      0x4d9 hpl/gclk/hpl_gclk.o
 .debug_info    0x000123aa      0xc71 hpl/pm/hpl_pm.o
 .debug_info    0x0001301b     0xb302 hpl/sercom/hpl_sercom.o
 .debug_info    0x0001e31d     0x13ce hpl/sysctrl/hpl_sysctrl.o
 .debug_info    0x0001f6eb     0x212f hpl/tc/hpl_tc.o
 .debug_info    0x0002181a      0x844 main.o

.debug_abbrev   0x00000000     0x2de0
 .debug_abbrev  0x00000000       0xea atmel_start.o
 .debug_abbrev  0x000000ea      0x200 Device_Startup/startup_samd10.o
 .debug_abbrev  0x000002ea      0x38e driver_init.o
 .debug_abbrev  0x00000678      0x1f3 hal/src/hal_adc_async.o
 .debug_abbrev  0x0000086b      0x144 hal/src/hal_atomic.o
 .debug_abbrev  0x000009af      0x221 hal/src/hal_timer.o
 .debug_abbrev  0x00000bd0      0x217 hal/src/hal_usart_sync.o
 .debug_abbrev  0x00000de7       0x86 hal/utils/src/utils_assert.o
 .debug_abbrev  0x00000e6d      0x159 hal/utils/src/utils_list.o
 .debug_abbrev  0x00000fc6      0x101 hal/utils/src/utils_ringbuffer.o
 .debug_abbrev  0x000010c7      0x269 hal/utils/src/utils_syscalls.o
 .debug_abbrev  0x00001330      0x4c7 hpl/adc/hpl_adc.o
 .debug_abbrev  0x000017f7      0x2cd hpl/core/hpl_core_m0plus_base.o
 .debug_abbrev  0x00001ac4      0x1cc hpl/core/hpl_init.o
 .debug_abbrev  0x00001c90      0x187 hpl/gclk/hpl_gclk.o
 .debug_abbrev  0x00001e17      0x211 hpl/pm/hpl_pm.o
 .debug_abbrev  0x00002028      0x58f hpl/sercom/hpl_sercom.o
 .debug_abbrev  0x000025b7      0x20c hpl/sysctrl/hpl_sysctrl.o
 .debug_abbrev  0x000027c3      0x442 hpl/tc/hpl_tc.o
 .debug_abbrev  0x00002c05      0x1db main.o

.debug_loc      0x00000000     0xd9c9
 .debug_loc     0x00000000       0x20 atmel_start.o
 .debug_loc     0x00000020       0x40 Device_Startup/startup_samd10.o
 .debug_loc     0x00000060      0x52a driver_init.o
 .debug_loc     0x0000058a     0x10b3 hal/src/hal_adc_async.o
 .debug_loc     0x0000163d       0x13 hal/src/hal_atomic.o
 .debug_loc     0x00001650      0x761 hal/src/hal_timer.o
 .debug_loc     0x00001db1      0x9b2 hal/src/hal_usart_sync.o
 .debug_loc     0x00002763      0x271 hal/utils/src/utils_list.o
 .debug_loc     0x000029d4      0x2d1 hal/utils/src/utils_ringbuffer.o
 .debug_loc     0x00002ca5      0x13b hal/utils/src/utils_syscalls.o
 .debug_loc     0x00002de0     0x1dff hpl/adc/hpl_adc.o
 .debug_loc     0x00004bdf      0x1f7 hpl/core/hpl_core_m0plus_base.o
 .debug_loc     0x00004dd6       0x4c hpl/core/hpl_init.o
 .debug_loc     0x00004e22       0xa3 hpl/gclk/hpl_gclk.o
 .debug_loc     0x00004ec5      0x11b hpl/pm/hpl_pm.o
 .debug_loc     0x00004fe0     0x7fdd hpl/sercom/hpl_sercom.o
 .debug_loc     0x0000cfbd      0x160 hpl/sysctrl/hpl_sysctrl.o
 .debug_loc     0x0000d11d      0x7eb hpl/tc/hpl_tc.o
 .debug_loc     0x0000d908       0xc1 main.o

.debug_aranges  0x00000000      0xc30
 .debug_aranges
                0x00000000       0x20 atmel_start.o
 .debug_aranges
                0x00000020       0x28 Device_Startup/startup_samd10.o
 .debug_aranges
                0x00000048       0x40 driver_init.o
 .debug_aranges
                0x00000088       0xd0 hal/src/hal_adc_async.o
 .debug_aranges
                0x00000158       0x30 hal/src/hal_atomic.o
 .debug_aranges
                0x00000188       0x70 hal/src/hal_timer.o
 .debug_aranges
                0x000001f8       0xa8 hal/src/hal_usart_sync.o
 .debug_aranges
                0x000002a0       0x20 hal/utils/src/utils_assert.o
 .debug_aranges
                0x000002c0       0x48 hal/utils/src/utils_list.o
 .debug_aranges
                0x00000308       0x40 hal/utils/src/utils_ringbuffer.o
 .debug_aranges
                0x00000348       0x60 hal/utils/src/utils_syscalls.o
 .debug_aranges
                0x000003a8      0x1e8 hpl/adc/hpl_adc.o
 .debug_aranges
                0x00000590       0x80 hpl/core/hpl_core_m0plus_base.o
 .debug_aranges
                0x00000610       0x20 hpl/core/hpl_init.o
 .debug_aranges
                0x00000630       0x28 hpl/gclk/hpl_gclk.o
 .debug_aranges
                0x00000658       0x30 hpl/pm/hpl_pm.o
 .debug_aranges
                0x00000688      0x4c8 hpl/sercom/hpl_sercom.o
 .debug_aranges
                0x00000b50       0x28 hpl/sysctrl/hpl_sysctrl.o
 .debug_aranges
                0x00000b78       0x70 hpl/tc/hpl_tc.o
 .debug_aranges
                0x00000be8       0x48 main.o

.debug_ranges   0x00000000     0x1110
 .debug_ranges  0x00000000       0x10 atmel_start.o
 .debug_ranges  0x00000010       0x18 Device_Startup/startup_samd10.o
 .debug_ranges  0x00000028       0x30 driver_init.o
 .debug_ranges  0x00000058       0xc0 hal/src/hal_adc_async.o
 .debug_ranges  0x00000118       0x20 hal/src/hal_atomic.o
 .debug_ranges  0x00000138       0xa8 hal/src/hal_timer.o
 .debug_ranges  0x000001e0       0x98 hal/src/hal_usart_sync.o
 .debug_ranges  0x00000278       0x10 hal/utils/src/utils_assert.o
 .debug_ranges  0x00000288       0x58 hal/utils/src/utils_list.o
 .debug_ranges  0x000002e0       0x30 hal/utils/src/utils_ringbuffer.o
 .debug_ranges  0x00000310       0x50 hal/utils/src/utils_syscalls.o
 .debug_ranges  0x00000360      0x1f0 hpl/adc/hpl_adc.o
 .debug_ranges  0x00000550       0x70 hpl/core/hpl_core_m0plus_base.o
 .debug_ranges  0x000005c0       0x10 hpl/core/hpl_init.o
 .debug_ranges  0x000005d0       0x18 hpl/gclk/hpl_gclk.o
 .debug_ranges  0x000005e8       0x20 hpl/pm/hpl_pm.o
 .debug_ranges  0x00000608      0x9f8 hpl/sercom/hpl_sercom.o
 .debug_ranges  0x00001000       0x30 hpl/sysctrl/hpl_sysctrl.o
 .debug_ranges  0x00001030       0xa8 hpl/tc/hpl_tc.o
 .debug_ranges  0x000010d8       0x38 main.o

.debug_macro    0x00000000    0x153d8
 .debug_macro   0x00000000      0x4df atmel_start.o
 .debug_macro   0x000004df      0x89e atmel_start.o
 .debug_macro   0x00000d7d      0x16d atmel_start.o
 .debug_macro   0x00000eea       0x22 atmel_start.o
 .debug_macro   0x00000f0c       0x87 atmel_start.o
 .debug_macro   0x00000f93       0x51 atmel_start.o
 .debug_macro   0x00000fe4       0xef atmel_start.o
 .debug_macro   0x000010d3       0x6a atmel_start.o
 .debug_macro   0x0000113d      0x1df atmel_start.o
 .debug_macro   0x0000131c       0x22 atmel_start.o
 .debug_macro   0x0000133e       0x3f atmel_start.o
 .debug_macro   0x0000137d       0x1c atmel_start.o
 .debug_macro   0x00001399       0x22 atmel_start.o
 .debug_macro   0x000013bb       0xb5 atmel_start.o
 .debug_macro   0x00001470      0x3ad atmel_start.o
 .debug_macro   0x0000181d      0x67e atmel_start.o
 .debug_macro   0x00001e9b      0x8b1 atmel_start.o
 .debug_macro   0x0000274c      0x22e atmel_start.o
 .debug_macro   0x0000297a      0xc0c atmel_start.o
 .debug_macro   0x00003586      0x5e7 atmel_start.o
 .debug_macro   0x00003b6d      0x7c6 atmel_start.o
 .debug_macro   0x00004333      0x4e3 atmel_start.o
 .debug_macro   0x00004816      0x37f atmel_start.o
 .debug_macro   0x00004b95      0x189 atmel_start.o
 .debug_macro   0x00004d1e      0x21c atmel_start.o
 .debug_macro   0x00004f3a      0x6e1 atmel_start.o
 .debug_macro   0x0000561b       0x5e atmel_start.o
 .debug_macro   0x00005679      0x608 atmel_start.o
 .debug_macro   0x00005c81      0x3ac atmel_start.o
 .debug_macro   0x0000602d      0xc76 atmel_start.o
 .debug_macro   0x00006ca3     0x1092 atmel_start.o
 .debug_macro   0x00007d35      0xc19 atmel_start.o
 .debug_macro   0x0000894e      0x6ba atmel_start.o
 .debug_macro   0x00009008     0x1b83 atmel_start.o
 .debug_macro   0x0000ab8b      0x340 atmel_start.o
 .debug_macro   0x0000aecb       0x7c atmel_start.o
 .debug_macro   0x0000af47       0xa0 atmel_start.o
 .debug_macro   0x0000afe7       0x4c atmel_start.o
 .debug_macro   0x0000b033       0xca atmel_start.o
 .debug_macro   0x0000b0fd       0xb8 atmel_start.o
 .debug_macro   0x0000b1b5       0x58 atmel_start.o
 .debug_macro   0x0000b20d      0x201 atmel_start.o
 .debug_macro   0x0000b40e       0x82 atmel_start.o
 .debug_macro   0x0000b490      0x189 atmel_start.o
 .debug_macro   0x0000b619       0xa0 atmel_start.o
 .debug_macro   0x0000b6b9       0xac atmel_start.o
 .debug_macro   0x0000b765       0x1c atmel_start.o
 .debug_macro   0x0000b781       0x1c atmel_start.o
 .debug_macro   0x0000b79d       0x1c atmel_start.o
 .debug_macro   0x0000b7b9       0x82 atmel_start.o
 .debug_macro   0x0000b83b      0x112 atmel_start.o
 .debug_macro   0x0000b94d       0x10 atmel_start.o
 .debug_macro   0x0000b95d       0xdc atmel_start.o
 .debug_macro   0x0000ba39      0x124 atmel_start.o
 .debug_macro   0x0000bb5d      0x124 atmel_start.o
 .debug_macro   0x0000bc81      0x124 atmel_start.o
 .debug_macro   0x0000bda5      0x124 atmel_start.o
 .debug_macro   0x0000bec9       0xe2 atmel_start.o
 .debug_macro   0x0000bfab       0xe2 atmel_start.o
 .debug_macro   0x0000c08d      0x12a atmel_start.o
 .debug_macro   0x0000c1b7       0x40 atmel_start.o
 .debug_macro   0x0000c1f7      0x2ea atmel_start.o
 .debug_macro   0x0000c4e1      0xfa5 atmel_start.o
 .debug_macro   0x0000d486       0x5f atmel_start.o
 .debug_macro   0x0000d4e5       0x10 atmel_start.o
 .debug_macro   0x0000d4f5       0x10 atmel_start.o
 .debug_macro   0x0000d505       0x16 atmel_start.o
 .debug_macro   0x0000d51b       0x16 atmel_start.o
 .debug_macro   0x0000d531       0x16 atmel_start.o
 .debug_macro   0x0000d547       0x16 atmel_start.o
 .debug_macro   0x0000d55d       0x16 atmel_start.o
 .debug_macro   0x0000d573       0x16 atmel_start.o
 .debug_macro   0x0000d589       0x16 atmel_start.o
 .debug_macro   0x0000d59f       0x16 atmel_start.o
 .debug_macro   0x0000d5b5       0x16 atmel_start.o
 .debug_macro   0x0000d5cb       0x16 atmel_start.o
 .debug_macro   0x0000d5e1       0x16 atmel_start.o
 .debug_macro   0x0000d5f7       0x16 atmel_start.o
 .debug_macro   0x0000d60d       0x16 atmel_start.o
 .debug_macro   0x0000d623      0x4c3 atmel_start.o
 .debug_macro   0x0000dae6       0x94 atmel_start.o
 .debug_macro   0x0000db7a       0x16 atmel_start.o
 .debug_macro   0x0000db90       0x6a atmel_start.o
 .debug_macro   0x0000dbfa      0x28c atmel_start.o
 .debug_macro   0x0000de86       0x16 atmel_start.o
 .debug_macro   0x0000de9c       0xca atmel_start.o
 .debug_macro   0x0000df66       0x1c atmel_start.o
 .debug_macro   0x0000df82       0x16 atmel_start.o
 .debug_macro   0x0000df98       0x46 atmel_start.o
 .debug_macro   0x0000dfde      0x298 Device_Startup/startup_samd10.o
 .debug_macro   0x0000e276       0x39 Device_Startup/startup_samd10.o
 .debug_macro   0x0000e2af      0x51b driver_init.o
 .debug_macro   0x0000e7ca       0x40 driver_init.o
 .debug_macro   0x0000e80a       0xc9 driver_init.o
 .debug_macro   0x0000e8d3      0x411 hal/src/hal_adc_async.o
 .debug_macro   0x0000ece4      0x3b4 hal/src/hal_atomic.o
 .debug_macro   0x0000f098      0x3fa hal/src/hal_timer.o
 .debug_macro   0x0000f492      0x3ee hal/src/hal_usart_sync.o
 .debug_macro   0x0000f880      0x3bd hal/utils/src/utils_assert.o
 .debug_macro   0x0000fc3d       0x10 hal/utils/src/utils_assert.o
 .debug_macro   0x0000fc4d      0x3c1 hal/utils/src/utils_list.o
 .debug_macro   0x0001000e      0x3c1 hal/utils/src/utils_ringbuffer.o
 .debug_macro   0x000103cf      0x1d6 hal/utils/src/utils_syscalls.o
 .debug_macro   0x000105a5       0x52 hal/utils/src/utils_syscalls.o
 .debug_macro   0x000105f7       0x8d hal/utils/src/utils_syscalls.o
 .debug_macro   0x00010684       0x16 hal/utils/src/utils_syscalls.o
 .debug_macro   0x0001069a       0x57 hal/utils/src/utils_syscalls.o
 .debug_macro   0x000106f1       0x97 hal/utils/src/utils_syscalls.o
 .debug_macro   0x00010788      0x353 hal/utils/src/utils_syscalls.o
 .debug_macro   0x00010adb       0xf6 hal/utils/src/utils_syscalls.o
 .debug_macro   0x00010bd1       0x10 hal/utils/src/utils_syscalls.o
 .debug_macro   0x00010be1       0x10 hal/utils/src/utils_syscalls.o
 .debug_macro   0x00010bf1       0x1c hal/utils/src/utils_syscalls.o
 .debug_macro   0x00010c0d       0x52 hal/utils/src/utils_syscalls.o
 .debug_macro   0x00010c5f       0x40 hal/utils/src/utils_syscalls.o
 .debug_macro   0x00010c9f       0x10 hal/utils/src/utils_syscalls.o
 .debug_macro   0x00010caf       0x40 hal/utils/src/utils_syscalls.o
 .debug_macro   0x00010cef       0xd7 hal/utils/src/utils_syscalls.o
 .debug_macro   0x00010dc6       0x16 hal/utils/src/utils_syscalls.o
 .debug_macro   0x00010ddc      0x18b hal/utils/src/utils_syscalls.o
 .debug_macro   0x00010f67       0x4c hal/utils/src/utils_syscalls.o
 .debug_macro   0x00010fb3       0x16 hal/utils/src/utils_syscalls.o
 .debug_macro   0x00010fc9       0x10 hal/utils/src/utils_syscalls.o
 .debug_macro   0x00010fd9       0x10 hal/utils/src/utils_syscalls.o
 .debug_macro   0x00010fe9       0x35 hal/utils/src/utils_syscalls.o
 .debug_macro   0x0001101e      0x122 hal/utils/src/utils_syscalls.o
 .debug_macro   0x00011140      0x40f hpl/adc/hpl_adc.o
 .debug_macro   0x0001154f      0x6cc hpl/adc/hpl_adc.o
 .debug_macro   0x00011c1b      0x6ba hpl/adc/hpl_adc.o
 .debug_macro   0x000122d5       0xd2 hpl/adc/hpl_adc.o
 .debug_macro   0x000123a7      0x40b hpl/core/hpl_core_m0plus_base.o
 .debug_macro   0x000127b2      0x42e hpl/core/hpl_init.o
 .debug_macro   0x00012be0       0x2e hpl/core/hpl_init.o
 .debug_macro   0x00012c0e      0x6ec hpl/core/hpl_init.o
 .debug_macro   0x000132fa      0x3d0 hpl/gclk/hpl_gclk.o
 .debug_macro   0x000136ca      0x175 hpl/gclk/hpl_gclk.o
 .debug_macro   0x0001383f      0x3f3 hpl/pm/hpl_pm.o
 .debug_macro   0x00013c32      0x5fc hpl/sercom/hpl_sercom.o
 .debug_macro   0x0001422e       0x70 hpl/sercom/hpl_sercom.o
 .debug_macro   0x0001429e       0xba hpl/sercom/hpl_sercom.o
 .debug_macro   0x00014358       0x10 hpl/sercom/hpl_sercom.o
 .debug_macro   0x00014368       0x1c hpl/sercom/hpl_sercom.o
 .debug_macro   0x00014384       0x22 hpl/sercom/hpl_sercom.o
 .debug_macro   0x000143a6       0x10 hpl/sercom/hpl_sercom.o
 .debug_macro   0x000143b6      0x3ca hpl/sysctrl/hpl_sysctrl.o
 .debug_macro   0x00014780      0x2d3 hpl/sysctrl/hpl_sysctrl.o
 .debug_macro   0x00014a53      0x421 hpl/tc/hpl_tc.o
 .debug_macro   0x00014e74       0x10 hpl/tc/hpl_tc.o
 .debug_macro   0x00014e84       0x75 hpl/tc/hpl_tc.o
 .debug_macro   0x00014ef9      0x4df main.o

.debug_line     0x00000000     0xe362
 .debug_line    0x00000000      0xa64 atmel_start.o
 .debug_line    0x00000a64      0x66b Device_Startup/startup_samd10.o
 .debug_line    0x000010cf      0xb99 driver_init.o
 .debug_line    0x00001c68      0xb9e hal/src/hal_adc_async.o
 .debug_line    0x00002806      0x8c8 hal/src/hal_atomic.o
 .debug_line    0x000030ce      0xa71 hal/src/hal_timer.o
 .debug_line    0x00003b3f      0xab4 hal/src/hal_usart_sync.o
 .debug_line    0x000045f3      0x892 hal/utils/src/utils_assert.o
 .debug_line    0x00004e85      0x926 hal/utils/src/utils_list.o
 .debug_line    0x000057ab      0x931 hal/utils/src/utils_ringbuffer.o
 .debug_line    0x000060dc      0x40b hal/utils/src/utils_syscalls.o
 .debug_line    0x000064e7     0x11c8 hpl/adc/hpl_adc.o
 .debug_line    0x000076af      0xa62 hpl/core/hpl_core_m0plus_base.o
 .debug_line    0x00008111      0x972 hpl/core/hpl_init.o
 .debug_line    0x00008a83      0x8eb hpl/gclk/hpl_gclk.o
 .debug_line    0x0000936e      0x938 hpl/pm/hpl_pm.o
 .debug_line    0x00009ca6     0x275b hpl/sercom/hpl_sercom.o
 .debug_line    0x0000c401      0x925 hpl/sysctrl/hpl_sysctrl.o
 .debug_line    0x0000cd26      0xb6e hpl/tc/hpl_tc.o
 .debug_line    0x0000d894      0xace main.o

.debug_str      0x00000000    0x71117
 .debug_str     0x00000000    0x5a95f atmel_start.o
                              0x5ae1e (size before relaxing)
 .debug_str     0x0005a95f      0x94b Device_Startup/startup_samd10.o
                              0x555a9 (size before relaxing)
 .debug_str     0x0005b2aa     0x1b69 driver_init.o
                              0x5d02e (size before relaxing)
 .debug_str     0x0005ce13      0x60b hal/src/hal_adc_async.o
                              0x5b616 (size before relaxing)
 .debug_str     0x0005d41e       0x63 hal/src/hal_atomic.o
                              0x5a76f (size before relaxing)
 .debug_str     0x0005d481      0x2c3 hal/src/hal_timer.o
                              0x5b0ae (size before relaxing)
 .debug_str     0x0005d744      0x4a7 hal/src/hal_usart_sync.o
                              0x5b2bc (size before relaxing)
 .debug_str     0x0005dbeb       0x2a hal/utils/src/utils_assert.o
                              0x5a77f (size before relaxing)
 .debug_str     0x0005dc15       0x31 hal/utils/src/utils_list.o
                              0x5a829 (size before relaxing)
 .debug_str     0x0005dc46       0x24 hal/utils/src/utils_ringbuffer.o
                              0x5a825 (size before relaxing)
 .debug_str     0x0005dc6a     0x450d hal/utils/src/utils_syscalls.o
                               0x72f7 (size before relaxing)
 .debug_str     0x00062177     0x6bdf hpl/adc/hpl_adc.o
                              0x61bec (size before relaxing)
 .debug_str     0x00068d56      0x189 hpl/core/hpl_core_m0plus_base.o
                              0x5b1ac (size before relaxing)
 .debug_str     0x00068edf     0x17d7 hpl/core/hpl_init.o
                              0x5c351 (size before relaxing)
 .debug_str     0x0006a6b6      0x672 hpl/gclk/hpl_gclk.o
                              0x5aebf (size before relaxing)
 .debug_str     0x0006ad28      0x194 hpl/pm/hpl_pm.o
                              0x5ae9d (size before relaxing)
 .debug_str     0x0006aebc     0x4709 hpl/sercom/hpl_sercom.o
                              0x6031d (size before relaxing)
 .debug_str     0x0006f5c5     0x1191 hpl/sysctrl/hpl_sysctrl.o
                              0x5ba0e (size before relaxing)
 .debug_str     0x00070756      0x985 hpl/tc/hpl_tc.o
                              0x5bdc2 (size before relaxing)
 .debug_str     0x000710db       0x3c main.o
                              0x5afab (size before relaxing)

.debug_frame    0x00000000     0x25d8
 .debug_frame   0x00000000       0x28 atmel_start.o
 .debug_frame   0x00000028       0x38 Device_Startup/startup_samd10.o
 .debug_frame   0x00000060       0x8c driver_init.o
 .debug_frame   0x000000ec      0x2b8 hal/src/hal_adc_async.o
 .debug_frame   0x000003a4       0x40 hal/src/hal_atomic.o
 .debug_frame   0x000003e4      0x14c hal/src/hal_timer.o
 .debug_frame   0x00000530      0x200 hal/src/hal_usart_sync.o
 .debug_frame   0x00000730       0x20 hal/utils/src/utils_assert.o
 .debug_frame   0x00000750       0x88 hal/utils/src/utils_list.o
 .debug_frame   0x000007d8       0x94 hal/utils/src/utils_ringbuffer.o
 .debug_frame   0x0000086c       0xa8 hal/utils/src/utils_syscalls.o
 .debug_frame   0x00000914      0x47c hpl/adc/hpl_adc.o
 .debug_frame   0x00000d90       0xfc hpl/core/hpl_core_m0plus_base.o
 .debug_frame   0x00000e8c       0x28 hpl/core/hpl_init.o
 .debug_frame   0x00000eb4       0x30 hpl/gclk/hpl_gclk.o
 .debug_frame   0x00000ee4       0x40 hpl/pm/hpl_pm.o
 .debug_frame   0x00000f24      0xddc hpl/sercom/hpl_sercom.o
 .debug_frame   0x00001d00       0x30 hpl/sysctrl/hpl_sysctrl.o
 .debug_frame   0x00001d30       0xe0 hpl/tc/hpl_tc.o
 .debug_frame   0x00001e10       0xa0 main.o
 .debug_frame   0x00001eb0       0x20 c:/program files (x86)/atmel/studio/7.0/toolchain/arm/arm-gnu-toolchain/bin/../lib/gcc/arm-none-eabi/6.3.1/thumb/v6-m\libgcc.a(_udivsi3.o)
 .debug_frame   0x00001ed0       0x2c c:/program files (x86)/atmel/studio/7.0/toolchain/arm/arm-gnu-toolchain/bin/../lib/gcc/arm-none-eabi/6.3.1/../../../../arm-none-eabi/lib/thumb/v6-m\libc_nano.a(lib_a-init.o)
 .debug_frame   0x00001efc       0x20 c:/program files (x86)/atmel/studio/7.0/toolchain/arm/arm-gnu-toolchain/bin/../lib/gcc/arm-none-eabi/6.3.1/../../../../arm-none-eabi/lib/thumb/v6-m\libc_nano.a(lib_a-memset.o)
 .debug_frame   0x00001f1c       0x50 c:/program files (x86)/atmel/studio/7.0/toolchain/arm/arm-gnu-toolchain/bin/../lib/gcc/arm-none-eabi/6.3.1/../../../../arm-none-eabi/lib/thumb/v6-m\libc_nano.a(lib_a-printf.o)
 .debug_frame   0x00001f6c      0x140 c:/program files (x86)/atmel/studio/7.0/toolchain/arm/arm-gnu-toolchain/bin/../lib/gcc/arm-none-eabi/6.3.1/../../../../arm-none-eabi/lib/thumb/v6-m\libc_nano.a(lib_a-findfp.o)
 .debug_frame   0x000020ac       0x58 c:/program files (x86)/atmel/studio/7.0/toolchain/arm/arm-gnu-toolchain/bin/../lib/gcc/arm-none-eabi/6.3.1/../../../../arm-none-eabi/lib/thumb/v6-m\libc_nano.a(lib_a-fwalk.o)
 .debug_frame   0x00002104       0x2c c:/program files (x86)/atmel/studio/7.0/toolchain/arm/arm-gnu-toolchain/bin/../lib/gcc/arm-none-eabi/6.3.1/../../../../arm-none-eabi/lib/thumb/v6-m\libc_nano.a(lib_a-nano-mallocr.o)
 .debug_frame   0x00002130       0x9c c:/program files (x86)/atmel/studio/7.0/toolchain/arm/arm-gnu-toolchain/bin/../lib/gcc/arm-none-eabi/6.3.1/../../../../arm-none-eabi/lib/thumb/v6-m\libc_nano.a(lib_a-nano-vfprintf.o)
 .debug_frame   0x000021cc       0x54 c:/program files (x86)/atmel/studio/7.0/toolchain/arm/arm-gnu-toolchain/bin/../lib/gcc/arm-none-eabi/6.3.1/../../../../arm-none-eabi/lib/thumb/v6-m\libc_nano.a(lib_a-nano-vfprintf_i.o)
 .debug_frame   0x00002220       0x2c c:/program files (x86)/atmel/studio/7.0/toolchain/arm/arm-gnu-toolchain/bin/../lib/gcc/arm-none-eabi/6.3.1/../../../../arm-none-eabi/lib/thumb/v6-m\libc_nano.a(lib_a-sbrkr.o)
 .debug_frame   0x0000224c       0x90 c:/program files (x86)/atmel/studio/7.0/toolchain/arm/arm-gnu-toolchain/bin/../lib/gcc/arm-none-eabi/6.3.1/../../../../arm-none-eabi/lib/thumb/v6-m\libc_nano.a(lib_a-stdio.o)
 .debug_frame   0x000022dc       0x48 c:/program files (x86)/atmel/studio/7.0/toolchain/arm/arm-gnu-toolchain/bin/../lib/gcc/arm-none-eabi/6.3.1/../../../../arm-none-eabi/lib/thumb/v6-m\libc_nano.a(lib_a-wbuf.o)
 .debug_frame   0x00002324       0x2c c:/program files (x86)/atmel/studio/7.0/toolchain/arm/arm-gnu-toolchain/bin/../lib/gcc/arm-none-eabi/6.3.1/../../../../arm-none-eabi/lib/thumb/v6-m\libc_nano.a(lib_a-writer.o)
 .debug_frame   0x00002350       0x2c c:/program files (x86)/atmel/studio/7.0/toolchain/arm/arm-gnu-toolchain/bin/../lib/gcc/arm-none-eabi/6.3.1/../../../../arm-none-eabi/lib/thumb/v6-m\libc_nano.a(lib_a-wsetup.o)
 .debug_frame   0x0000237c       0x2c c:/program files (x86)/atmel/studio/7.0/toolchain/arm/arm-gnu-toolchain/bin/../lib/gcc/arm-none-eabi/6.3.1/../../../../arm-none-eabi/lib/thumb/v6-m\libc_nano.a(lib_a-closer.o)
 .debug_frame   0x000023a8       0x68 c:/program files (x86)/atmel/studio/7.0/toolchain/arm/arm-gnu-toolchain/bin/../lib/gcc/arm-none-eabi/6.3.1/../../../../arm-none-eabi/lib/thumb/v6-m\libc_nano.a(lib_a-fflush.o)
 .debug_frame   0x00002410       0x2c c:/program files (x86)/atmel/studio/7.0/toolchain/arm/arm-gnu-toolchain/bin/../lib/gcc/arm-none-eabi/6.3.1/../../../../arm-none-eabi/lib/thumb/v6-m\libc_nano.a(lib_a-lseekr.o)
 .debug_frame   0x0000243c       0x54 c:/program files (x86)/atmel/studio/7.0/toolchain/arm/arm-gnu-toolchain/bin/../lib/gcc/arm-none-eabi/6.3.1/../../../../arm-none-eabi/lib/thumb/v6-m\libc_nano.a(lib_a-makebuf.o)
 .debug_frame   0x00002490       0x20 c:/program files (x86)/atmel/studio/7.0/toolchain/arm/arm-gnu-toolchain/bin/../lib/gcc/arm-none-eabi/6.3.1/../../../../arm-none-eabi/lib/thumb/v6-m\libc_nano.a(lib_a-memchr-stub.o)
 .debug_frame   0x000024b0       0x30 c:/program files (x86)/atmel/studio/7.0/toolchain/arm/arm-gnu-toolchain/bin/../lib/gcc/arm-none-eabi/6.3.1/../../../../arm-none-eabi/lib/thumb/v6-m\libc_nano.a(lib_a-mlock.o)
 .debug_frame   0x000024e0       0x2c c:/program files (x86)/atmel/studio/7.0/toolchain/arm/arm-gnu-toolchain/bin/../lib/gcc/arm-none-eabi/6.3.1/../../../../arm-none-eabi/lib/thumb/v6-m\libc_nano.a(lib_a-nano-freer.o)
 .debug_frame   0x0000250c       0x2c c:/program files (x86)/atmel/studio/7.0/toolchain/arm/arm-gnu-toolchain/bin/../lib/gcc/arm-none-eabi/6.3.1/../../../../arm-none-eabi/lib/thumb/v6-m\libc_nano.a(lib_a-readr.o)
 .debug_frame   0x00002538       0x48 c:/program files (x86)/atmel/studio/7.0/toolchain/arm/arm-gnu-toolchain/bin/../lib/gcc/arm-none-eabi/6.3.1/../../../../arm-none-eabi/lib/thumb/v6-m\libc_nano.a(lib_a-reent.o)
 .debug_frame   0x00002580       0x2c c:/program files (x86)/atmel/studio/7.0/toolchain/arm/arm-gnu-toolchain/bin/../lib/gcc/arm-none-eabi/6.3.1/../../../../arm-none-eabi/lib/thumb/v6-m\libc_nano.a(lib_a-fstatr.o)
 .debug_frame   0x000025ac       0x2c c:/program files (x86)/atmel/studio/7.0/toolchain/arm/arm-gnu-toolchain/bin/../lib/gcc/arm-none-eabi/6.3.1/../../../../arm-none-eabi/lib/thumb/v6-m\libc_nano.a(lib_a-isattyr.o)
